Component: ARM Compiler 5.06 update 6 (build 750) Tool: armlink [4d35ed]

==============================================================================

Section Cross References

    startup_stm32f411xe.o(RESET) refers to startup_stm32f411xe.o(STACK) for __initial_sp
    startup_stm32f411xe.o(RESET) refers to startup_stm32f411xe.o(.text) for Reset_Handler
    startup_stm32f411xe.o(RESET) refers to stm32f4xx_it.o(i.NMI_Handler) for NMI_Handler
    startup_stm32f411xe.o(RESET) refers to stm32f4xx_it.o(i.HardFault_Handler) for HardFault_Handler
    startup_stm32f411xe.o(RESET) refers to stm32f4xx_it.o(i.MemManage_Handler) for MemManage_Handler
    startup_stm32f411xe.o(RESET) refers to stm32f4xx_it.o(i.BusFault_Handler) for BusFault_Handler
    startup_stm32f411xe.o(RESET) refers to stm32f4xx_it.o(i.UsageFault_Handler) for UsageFault_Handler
    startup_stm32f411xe.o(RESET) refers to stm32f4xx_it.o(i.SVC_Handler) for SVC_Handler
    startup_stm32f411xe.o(RESET) refers to stm32f4xx_it.o(i.DebugMon_Handler) for DebugMon_Handler
    startup_stm32f411xe.o(RESET) refers to stm32f4xx_it.o(i.PendSV_Handler) for PendSV_Handler
    startup_stm32f411xe.o(RESET) refers to stm32f4xx_it.o(i.SysTick_Handler) for SysTick_Handler
    startup_stm32f411xe.o(RESET) refers to stm32f4xx_it.o(i.OTG_FS_IRQHandler) for OTG_FS_IRQHandler
    startup_stm32f411xe.o(.text) refers to system_stm32f4xx.o(i.SystemInit) for SystemInit
    startup_stm32f411xe.o(.text) refers to entry.o(.ARM.Collect$$$$00000000) for __main
    main.o(i.CDC_ReceiveCallback) refers to usbd_cdc_if.o(i.CDC_Transmit_FS) for CDC_Transmit_FS
    main.o(i.CDC_ReceiveCallback) refers to stm32f4xx_hal_gpio.o(i.HAL_GPIO_TogglePin) for HAL_GPIO_TogglePin
    main.o(i.MX_GPIO_Init) refers to memseta.o(.text) for __aeabi_memclr4
    main.o(i.MX_GPIO_Init) refers to stm32f4xx_hal_gpio.o(i.HAL_GPIO_WritePin) for HAL_GPIO_WritePin
    main.o(i.MX_GPIO_Init) refers to stm32f4xx_hal_gpio.o(i.HAL_GPIO_Init) for HAL_GPIO_Init
    main.o(i.SystemClock_Config) refers to memseta.o(.text) for __aeabi_memclr4
    main.o(i.SystemClock_Config) refers to stm32f4xx_hal_rcc.o(i.HAL_RCC_OscConfig) for HAL_RCC_OscConfig
    main.o(i.SystemClock_Config) refers to stm32f4xx_hal_rcc.o(i.HAL_RCC_ClockConfig) for HAL_RCC_ClockConfig
    main.o(i.main) refers to stm32f4xx_hal.o(i.HAL_Init) for HAL_Init
    main.o(i.main) refers to main.o(i.SystemClock_Config) for SystemClock_Config
    main.o(i.main) refers to main.o(i.MX_GPIO_Init) for MX_GPIO_Init
    main.o(i.main) refers to usb_device.o(i.MX_USB_DEVICE_Init) for MX_USB_DEVICE_Init
    main.o(i.main) refers to stm32f4xx_hal.o(i.HAL_Delay) for HAL_Delay
    main.o(i.main) refers to strlen.o(.text) for strlen
    main.o(i.main) refers to usbd_cdc_if.o(i.CDC_Transmit_FS) for CDC_Transmit_FS
    main.o(i.main) refers to main.o(.data) for .data
    usb_device.o(i.MX_USB_DEVICE_Init) refers to usbd_core.o(i.USBD_Init) for USBD_Init
    usb_device.o(i.MX_USB_DEVICE_Init) refers to main.o(i.Error_Handler) for Error_Handler
    usb_device.o(i.MX_USB_DEVICE_Init) refers to usbd_core.o(i.USBD_RegisterClass) for USBD_RegisterClass
    usb_device.o(i.MX_USB_DEVICE_Init) refers to usbd_cdc.o(i.USBD_CDC_RegisterInterface) for USBD_CDC_RegisterInterface
    usb_device.o(i.MX_USB_DEVICE_Init) refers to usbd_core.o(i.USBD_Start) for USBD_Start
    usb_device.o(i.MX_USB_DEVICE_Init) refers to usbd_desc.o(.data) for FS_Desc
    usb_device.o(i.MX_USB_DEVICE_Init) refers to usb_device.o(.bss) for .bss
    usb_device.o(i.MX_USB_DEVICE_Init) refers to usbd_cdc.o(.data) for USBD_CDC
    usb_device.o(i.MX_USB_DEVICE_Init) refers to usbd_cdc_if.o(.data) for USBD_Interface_fops_FS
    usbd_conf.o(i.HAL_PCD_ConnectCallback) refers to usbd_core.o(i.USBD_LL_DevConnected) for USBD_LL_DevConnected
    usbd_conf.o(i.HAL_PCD_DataInStageCallback) refers to usbd_core.o(i.USBD_LL_DataInStage) for USBD_LL_DataInStage
    usbd_conf.o(i.HAL_PCD_DataOutStageCallback) refers to usbd_core.o(i.USBD_LL_DataOutStage) for USBD_LL_DataOutStage
    usbd_conf.o(i.HAL_PCD_DisconnectCallback) refers to usbd_core.o(i.USBD_LL_DevDisconnected) for USBD_LL_DevDisconnected
    usbd_conf.o(i.HAL_PCD_ISOINIncompleteCallback) refers to usbd_core.o(i.USBD_LL_IsoINIncomplete) for USBD_LL_IsoINIncomplete
    usbd_conf.o(i.HAL_PCD_ISOOUTIncompleteCallback) refers to usbd_core.o(i.USBD_LL_IsoOUTIncomplete) for USBD_LL_IsoOUTIncomplete
    usbd_conf.o(i.HAL_PCD_MspDeInit) refers to stm32f4xx_hal_gpio.o(i.HAL_GPIO_DeInit) for HAL_GPIO_DeInit
    usbd_conf.o(i.HAL_PCD_MspDeInit) refers to stm32f4xx_hal_cortex.o(i.HAL_NVIC_DisableIRQ) for HAL_NVIC_DisableIRQ
    usbd_conf.o(i.HAL_PCD_MspInit) refers to memseta.o(.text) for __aeabi_memclr4
    usbd_conf.o(i.HAL_PCD_MspInit) refers to stm32f4xx_hal_gpio.o(i.HAL_GPIO_Init) for HAL_GPIO_Init
    usbd_conf.o(i.HAL_PCD_MspInit) refers to stm32f4xx_hal_cortex.o(i.HAL_NVIC_SetPriority) for HAL_NVIC_SetPriority
[...]
    Removing stm32f4xx_hal_exti.o(i.HAL_EXTI_GetPending), (28 bytes).
    Removing stm32f4xx_hal_exti.o(i.HAL_EXTI_IRQHandler), (28 bytes).
    Removing stm32f4xx_hal_exti.o(i.HAL_EXTI_RegisterCallback), (14 bytes).
    Removing stm32f4xx_hal_exti.o(i.HAL_EXTI_SetConfigLine), (112 bytes).
    Removing system_stm32f4xx.o(.rev16_text), (4 bytes).
    Removing system_stm32f4xx.o(.revsh_text), (4 bytes).
    Removing system_stm32f4xx.o(.rrx_text), (6 bytes).
    Removing system_stm32f4xx.o(i.SystemCoreClockUpdate), (120 bytes).
    Removing system_stm32f4xx.o(.constdata), (8 bytes).
    Removing usbd_core.o(.rev16_text), (4 bytes).
    Removing usbd_core.o(.revsh_text), (4 bytes).
    Removing usbd_core.o(.rrx_text), (6 bytes).
    Removing usbd_core.o(i.USBD_DeInit), (38 bytes).
    Removing usbd_core.o(i.USBD_RunTestMode), (4 bytes).
    Removing usbd_core.o(i.USBD_Stop), (26 bytes).
    Removing usbd_ctlreq.o(.rev16_text), (4 bytes).
    Removing usbd_ctlreq.o(.revsh_text), (4 bytes).
    Removing usbd_ctlreq.o(.rrx_text), (6 bytes).
    Removing usbd_ioreq.o(.rev16_text), (4 bytes).
    Removing usbd_ioreq.o(.revsh_text), (4 bytes).
    Removing usbd_ioreq.o(.rrx_text), (6 bytes).
    Removing usbd_ioreq.o(i.USBD_GetRxCount), (4 bytes).
    Removing usbd_cdc.o(.rev16_text), (4 bytes).
    Removing usbd_cdc.o(.revsh_text), (4 bytes).
    Removing usbd_cdc.o(.rrx_text), (6 bytes).

291 unused section(s) (total 12902 bytes) removed from the image.

==============================================================================

Image Symbol Table

    Local Symbols

    Symbol Name                              Value     Ov Type        Size  Object(Section)

    ../Drivers/STM32F4xx_HAL_Driver/Src/stm32f4xx_hal.c 0x00000000   Number         0  stm32f4xx_hal.o ABSOLUTE
    ../Drivers/STM32F4xx_HAL_Driver/Src/stm32f4xx_hal_cortex.c 0x00000000   Number         0  stm32f4xx_hal_cortex.o ABSOLUTE
    ../Drivers/STM32F4xx_HAL_Driver/Src/stm32f4xx_hal_dma.c 0x00000000   Number         0  stm32f4xx_hal_dma.o ABSOLUTE
    ../Drivers/STM32F4xx_HAL_Driver/Src/stm32f4xx_hal_dma_ex.c 0x00000000   Number         0  stm32f4xx_hal_dma_ex.o ABSOLUTE
    ../Drivers/STM32F4xx_HAL_Driver/Src/stm32f4xx_hal_exti.c 0x00000000   Number         0  stm32f4xx_hal_exti.o ABSOLUTE
    ../Drivers/STM32F4xx_HAL_Driver/Src/stm32f4xx_hal_flash.c 0x00000000   Number         0  stm32f4xx_hal_flash.o ABSOLUTE
    ../Drivers/STM32F4xx_HAL_Driver/Src/stm32f4xx_hal_flash_ex.c 0x00000000   Number         0  stm32f4xx_hal_flash_ex.o ABSOLUTE
    ../Drivers/STM32F4xx_HAL_Driver/Src/stm32f4xx_hal_flash_ramfunc.c 0x00000000   Number         0  stm32f4xx_hal_flash_ramfunc.o ABSOLUTE
    ../Drivers/STM32F4xx_HAL_Driver/Src/stm32f4xx_hal_gpio.c 0x00000000   Number         0  stm32f4xx_hal_gpio.o ABSOLUTE
    ../Drivers/STM32F4xx_HAL_Driver/Src/stm32f4xx_hal_pcd.c 0x00000000   Number         0  stm32f4xx_hal_pcd.o ABSOLUTE
    ../Drivers/STM32F4xx_HAL_Driver/Src/stm32f4xx_hal_pcd_ex.c 0x00000000   Number         0  stm32f4xx_hal_pcd_ex.o ABSOLUTE
    ../Drivers/STM32F4xx_HAL_Driver/Src/stm32f4xx_hal_pwr.c 0x00000000   Number         0  stm32f4xx_hal_pwr.o ABSOLUTE
    ../Drivers/STM32F4xx_HAL_Driver/Src/stm32f4xx_hal_pwr_ex.c 0x00000000   Number         0  stm32f4xx_hal_pwr_ex.o ABSOLUTE
    ../Drivers/STM32F4xx_HAL_Driver/Src/stm32f4xx_hal_rcc.c 0x00000000   Number         0  stm32f4xx_hal_rcc.o ABSOLUTE
    ../Drivers/STM32F4xx_HAL_Driver/Src/stm32f4xx_hal_rcc_ex.c 0x00000000   Number         0  stm32f4xx_hal_rcc_ex.o ABSOLUTE
    ../Drivers/STM32F4xx_HAL_Driver/Src/stm32f4xx_hal_tim.c 0x00000000   Number         0  stm32f4xx_hal_tim.o ABSOLUTE
    ../Drivers/STM32F4xx_HAL_Driver/Src/stm32f4xx_hal_tim_ex.c 0x00000000   Number         0  stm32f4xx_hal_tim_ex.o ABSOLUTE
    ../Drivers/STM32F4xx_HAL_Driver/Src/stm32f4xx_ll_usb.c 0x00000000   Number         0  stm32f4xx_ll_usb.o ABSOLUTE
    ../Middlewares/ST/STM32_USB_Device_Library/Class/CDC/Src/usbd_cdc.c 0x00000000   Number         0  usbd_cdc.o ABSOLUTE
    ../Middlewares/ST/STM32_USB_Device_Library/Core/Src/usbd_core.c 0x00000000   Number         0  usbd_core.o ABSOLUTE
    ../Middlewares/ST/STM32_USB_Device_Library/Core/Src/usbd_ctlreq.c 0x00000000   Number         0  usbd_ctlreq.o ABSOLUTE
    ../Middlewares/ST/STM32_USB_Device_Library/Core/Src/usbd_ioreq.c 0x00000000   Number         0  usbd_ioreq.o ABSOLUTE
    ../Src/main.c                            0x00000000   Number         0  main.o ABSOLUTE
    ../Src/stm32f4xx_hal_msp.c               0x00000000   Number         0  stm32f4xx_hal_msp.o ABSOLUTE
    ../Src/stm32f4xx_it.c                    0x00000000   Number         0  stm32f4xx_it.o ABSOLUTE
    ../Src/system_stm32f4xx.c                0x00000000   Number         0  system_stm32f4xx.o ABSOLUTE
    ../Src/usb_device.c                      0x00000000   Number         0  usb_device.o ABSOLUTE
    ../Src/usbd_cdc_if.c                     0x00000000   Number         0  usbd_cdc_if.o ABSOLUTE
    ../Src/usbd_conf.c                       0x00000000   Number         0  usbd_conf.o ABSOLUTE
    ../Src/usbd_desc.c                       0x00000000   Number         0  usbd_desc.o ABSOLUTE
    ../clib/../cmprslib/zerorunl2.c          0x00000000   Number         0  __dczerorl2.o ABSOLUTE
    ../clib/microlib/division.c              0x00000000   Number         0  uldiv.o ABSOLUTE
    ../clib/microlib/init/entry.s            0x00000000   Number         0  entry10b.o ABSOLUTE
    ../clib/microlib/init/entry.s            0x00000000   Number         0  entry10a.o ABSOLUTE
    ../clib/microlib/init/entry.s            0x00000000   Number         0  entry9b.o ABSOLUTE
    ../clib/microlib/init/entry.s            0x00000000   Number         0  entry9a.o ABSOLUTE
    ../clib/microlib/init/entry.s            0x00000000   Number         0  entry8b.o ABSOLUTE
    ../clib/microlib/init/entry.s            0x00000000   Number         0  entry8a.o ABSOLUTE
    ../clib/microlib/init/entry.s            0x00000000   Number         0  entry7b.o ABSOLUTE
    ../clib/microlib/init/entry.s            0x00000000   Number         0  entry2.o ABSOLUTE
    ../clib/microlib/init/entry.s            0x00000000   Number         0  entry7a.o ABSOLUTE
    ../clib/microlib/init/entry.s            0x00000000   Number         0  entry5.o ABSOLUTE
    ../clib/microlib/init/entry.s            0x00000000   Number         0  entry11b.o ABSOLUTE
    ../clib/microlib/init/entry.s            0x00000000   Number         0  entry.o ABSOLUTE
    ../clib/microlib/init/entry.s            0x00000000   Number         0  entry11a.o ABSOLUTE
    ../clib/microlib/longlong.c              0x00000000   Number         0  llushr.o ABSOLUTE
    ../clib/microlib/longlong.c              0x00000000   Number         0  llshl.o ABSOLUTE
    ../clib/microlib/malloc/malloc.c         0x00000000   Number         0  malloc.o ABSOLUTE
    ../clib/microlib/malloc/malloc.c         0x00000000   Number         0  mallocra.o ABSOLUTE
    ../clib/microlib/malloc/malloc.c         0x00000000   Number         0  malloca.o ABSOLUTE
    ../clib/microlib/malloc/malloc.c         0x00000000   Number         0  mallocr.o ABSOLUTE
    ../clib/microlib/malloc/mvars.c          0x00000000   Number         0  mvars.o ABSOLUTE
    ../clib/microlib/string/memcpy.c         0x00000000   Number         0  memcpyb.o ABSOLUTE
    ../clib/microlib/string/memcpy.c         0x00000000   Number         0  memcpya.o ABSOLUTE
    ../clib/microlib/string/memset.c         0x00000000   Number         0  memseta.o ABSOLUTE
    ../clib/microlib/string/strlen.c         0x00000000   Number         0  strlen.o ABSOLUTE
    ..\Drivers\STM32F4xx_HAL_Driver\Src\stm32f4xx_hal.c 0x00000000   Number         0  stm32f4xx_hal.o ABSOLUTE
    ..\Drivers\STM32F4xx_HAL_Driver\Src\stm32f4xx_hal_cortex.c 0x00000000   Number         0  stm32f4xx_hal_cortex.o ABSOLUTE
    ..\Drivers\STM32F4xx_HAL_Driver\Src\stm32f4xx_hal_dma.c 0x00000000   Number         0  stm32f4xx_hal_dma.o ABSOLUTE
    ..\Drivers\STM32F4xx_HAL_Driver\Src\stm32f4xx_hal_dma_ex.c 0x00000000   Number         0  stm32f4xx_hal_dma_ex.o ABSOLUTE
    ..\Drivers\STM32F4xx_HAL_Driver\Src\stm32f4xx_hal_exti.c 0x00000000   Number         0  stm32f4xx_hal_exti.o ABSOLUTE
    ..\Drivers\STM32F4xx_HAL_Driver\Src\stm32f4xx_hal_flash.c 0x00000000   Number         0  stm32f4xx_hal_flash.o ABSOLUTE
    ..\Drivers\STM32F4xx_HAL_Driver\Src\stm32f4xx_hal_flash_ex.c 0x00000000   Number         0  stm32f4xx_hal_flash_ex.o ABSOLUTE
    ..\Drivers\STM32F4xx_HAL_Driver\Src\stm32f4xx_hal_flash_ramfunc.c 0x00000000   Number         0  stm32f4xx_hal_flash_ramfunc.o ABSOLUTE
    ..\Drivers\STM32F4xx_HAL_Driver\Src\stm32f4xx_hal_gpio.c 0x00000000   Number         0  stm32f4xx_hal_gpio.o ABSOLUTE
    ..\Drivers\STM32F4xx_HAL_Driver\Src\stm32f4xx_hal_pcd.c 0x00000000   Number         0  stm32f4xx_hal_pcd.o ABSOLUTE
    ..\Drivers\STM32F4xx_HAL_Driver\Src\stm32f4xx_hal_pcd_ex.c 0x00000000   Number         0  stm32f4xx_hal_pcd_ex.o ABSOLUTE
    ..\Drivers\STM32F4xx_HAL_Driver\Src\stm32f4xx_hal_pwr.c 0x00000000   Number         0  stm32f4xx_hal_pwr.o ABSOLUTE
    ..\Drivers\STM32F4xx_HAL_Driver\Src\stm32f4xx_hal_pwr_ex.c 0x00000000   Number         0  stm32f4xx_hal_pwr_ex.o ABSOLUTE
    ..\Drivers\STM32F4xx_HAL_Driver\Src\stm32f4xx_hal_rcc.c 0x00000000   Number         0  stm32f4xx_hal_rcc.o ABSOLUTE
    ..\Drivers\STM32F4xx_HAL_Driver\Src\stm32f4xx_hal_rcc_ex.c 0x00000000   Number         0  stm32f4xx_hal_rcc_ex.o ABSOLUTE
    ..\Drivers\STM32F4xx_HAL_Driver\Src\stm32f4xx_hal_tim.c 0x00000000   Number         0  stm32f4xx_hal_tim.o ABSOLUTE
    ..\Drivers\STM32F4xx_HAL_Driver\Src\stm32f4xx_hal_tim_ex.c 0x00000000   Number         0  stm32f4xx_hal_tim_ex.o ABSOLUTE
    ..\Drivers\STM32F4xx_HAL_Driver\Src\stm32f4xx_ll_usb.c 0x00000000   Number         0  stm32f4xx_ll_usb.o ABSOLUTE
    ..\Middlewares\ST\STM32_USB_Device_Library\Class\CDC\Src\usbd_cdc.c 0x00000000   Number         0  usbd_cdc.o ABSOLUTE
    ..\Middlewares\ST\STM32_USB_Device_Library\Core\Src\usbd_core.c 0x00000000   Number         0  usbd_core.o ABSOLUTE
    ..\Middlewares\ST\STM32_USB_Device_Library\Core\Src\usbd_ctlreq.c 0x00000000   Number         0  usbd_ctlreq.o ABSOLUTE
    ..\Middlewares\ST\STM32_USB_Device_Library\Core\Src\usbd_ioreq.c 0x00000000   Number         0  usbd_ioreq.o ABSOLUTE
    ..\Src\main.c                            0x00000000   Number         0  main.o ABSOLUTE
    ..\Src\stm32f4xx_hal_msp.c               0x00000000   Number         0  stm32f4xx_hal_msp.o ABSOLUTE
    ..\Src\stm32f4xx_it.c                    0x00000000   Number         0  stm32f4xx_it.o ABSOLUTE
    ..\Src\system_stm32f4xx.c                0x00000000   Number         0  system_stm32f4xx.o ABSOLUTE
    ..\Src\usb_device.c                      0x00000000   Number         0  usb_device.o ABSOLUTE
    ..\Src\usbd_cdc_if.c                     0x00000000   Number         0  usbd_cdc_if.o ABSOLUTE
    ..\Src\usbd_conf.c                       0x00000000   Number         0  usbd_conf.o ABSOLUTE
    ..\Src\usbd_desc.c                       0x00000000   Number         0  usbd_desc.o ABSOLUTE
    dc.s                                     0x00000000   Number         0  dc.o ABSOLUTE
    handlers.s                               0x00000000   Number         0  handlers.o ABSOLUTE
    init.s                                   0x00000000   Number         0  init.o ABSOLUTE
    startup_stm32f411xe.s                    0x00000000   Number         0  startup_stm32f411xe.o ABSOLUTE
    RESET                                    0x08000000   Section      408  startup_stm32f411xe.o(RESET)
    .ARM.Collect$$$$00000000                 0x08000198   Section        0  entry.o(.ARM.Collect$$$$00000000)
    .ARM.Collect$$$$00000001                 0x08000198   Section        4  entry2.o(.ARM.Collect$$$$00000001)
    .ARM.Collect$$$$00000004                 0x0800019c   Section        4  entry5.o(.ARM.Collect$$$$00000004)
    .ARM.Collect$$$$00000008                 0x080001a0   Section        0  entry7b.o(.ARM.Collect$$$$00000008)
    .ARM.Collect$$$$0000000A                 0x080001a0   Section        0  entry8b.o(.ARM.Collect$$$$0000000A)
    .ARM.Collect$$$$0000000B                 0x080001a0   Section        8  entry9a.o(.ARM.Collect$$$$0000000B)
    .ARM.Collect$$$$0000000D                 0x080001a8   Section        0  entry10a.o(.ARM.Collect$$$$0000000D)
    .ARM.Collect$$$$0000000F                 0x080001a8   Section        0  entry11a.o(.ARM.Collect$$$$0000000F)
    .ARM.Collect$$$$00002712                 0x080001a8   Section        4  entry2.o(.ARM.Collect$$$$00002712)
    __lit__00000000                          0x080001a8   Data           4  entry2.o(.ARM.Collect$$$$00002712)
    .text                                    0x080001ac   Section       36  startup_stm32f411xe.o(.text)
    $v0                                      0x080001ac   Number         0  startup_stm32f411xe.o(.text)
    .text                                    0x080001d0   Section        0  uldiv.o(.text)
    .text                                    0x08000232   Section        0  memcpya.o(.text)
    .text                                    0x08000256   Section        0  memseta.o(.text)
    .text                                    0x0800027a   Section        0  strlen.o(.text)
    .text                                    0x08000288   Section        0  llshl.o(.text)
    .text                                    0x080002a6   Section        0  llushr.o(.text)
    .text                                    0x080002c8   Section       36  init.o(.text)
    .text                                    0x080002ec   Section        0  __dczerorl2.o(.text)
    i.BusFault_Handler                       0x08000342   Section        0  stm32f4xx_it.o(i.BusFault_Handler)
    i.CDC_Control_FS                         0x08000344   Section        0  usbd_cdc_if.o(i.CDC_Control_FS)
    CDC_Control_FS                           0x08000345   Thumb Code     4  usbd_cdc_if.o(i.CDC_Control_FS)
    i.CDC_DeInit_FS                          0x08000348   Section        0  usbd_cdc_if.o(i.CDC_DeInit_FS)
    CDC_DeInit_FS                            0x08000349   Thumb Code     4  usbd_cdc_if.o(i.CDC_DeInit_FS)
    i.CDC_Init_FS                            0x0800034c   Section        0  usbd_cdc_if.o(i.CDC_Init_FS)
    CDC_Init_FS                              0x0800034d   Thumb Code    24  usbd_cdc_if.o(i.CDC_Init_FS)
    i.CDC_ReceiveCallback                    0x08000370   Section        0  main.o(i.CDC_ReceiveCallback)
    i.CDC_Receive_FS                         0x0800038c   Section        0  usbd_cdc_if.o(i.CDC_Receive_FS)
    CDC_Receive_FS                           0x0800038d   Thumb Code    32  usbd_cdc_if.o(i.CDC_Receive_FS)
    i.CDC_Transmit_FS                        0x080003b0   Section        0  usbd_cdc_if.o(i.CDC_Transmit_FS)
    i.DebugMon_Handler                       0x080003dc   Section        0  stm32f4xx_it.o(i.DebugMon_Handler)
    i.Error_Handler                          0x080003de   Section        0  main.o(i.Error_Handler)
    i.HAL_Delay                              0x080003e0   Section        0  stm32f4xx_hal.o(i.HAL_Delay)
    i.HAL_GPIO_Init                          0x08000404   Section        0  stm32f4xx_hal_gpio.o(i.HAL_GPIO_Init)
    i.HAL_GPIO_TogglePin                     0x0800058c   Section        0  stm32f4xx_hal_gpio.o(i.HAL_GPIO_TogglePin)
    i.HAL_GPIO_WritePin                      0x0800059a   Section        0  stm32f4xx_hal_gpio.o(i.HAL_GPIO_WritePin)
    i.HAL_GetTick                            0x080005a4   Section        0  stm32f4xx_hal.o(i.HAL_GetTick)
    i.HAL_IncTick                            0x080005b0   Section        0  stm32f4xx_hal.o(i.HAL_IncTick)
    i.HAL_Init                               0x080005c0   Section        0  stm32f4xx_hal.o(i.HAL_Init)
    i.HAL_InitTick                           0x080005f4   Section        0  stm32f4xx_hal.o(i.HAL_InitTick)
    i.HAL_MspInit                            0x08000634   Section        0  stm32f4xx_hal_msp.o(i.HAL_MspInit)
    i.HAL_NVIC_EnableIRQ                     0x08000668   Section        0  stm32f4xx_hal_cortex.o(i.HAL_NVIC_EnableIRQ)
    i.HAL_NVIC_SetPriority                   0x08000684   Section        0  stm32f4xx_hal_cortex.o(i.HAL_NVIC_SetPriority)
    i.HAL_NVIC_SetPriorityGrouping           0x080006c4   Section        0  stm32f4xx_hal_cortex.o(i.HAL_NVIC_SetPriorityGrouping)
    i.HAL_PCDEx_LPM_Callback                 0x080006e8   Section        0  stm32f4xx_hal_pcd_ex.o(i.HAL_PCDEx_LPM_Callback)
    i.HAL_PCDEx_SetRxFiFo                    0x080006ea   Section        0  stm32f4xx_hal_pcd_ex.o(i.HAL_PCDEx_SetRxFiFo)
    i.HAL_PCDEx_SetTxFiFo                    0x080006f2   Section        0  stm32f4xx_hal_pcd_ex.o(i.HAL_PCDEx_SetTxFiFo)
    i.HAL_PCD_ConnectCallback                0x08000736   Section        0  usbd_conf.o(i.HAL_PCD_ConnectCallback)
    i.HAL_PCD_DataInStageCallback            0x0800073e   Section        0  usbd_conf.o(i.HAL_PCD_DataInStageCallback)
    i.HAL_PCD_DataOutStageCallback           0x08000750   Section        0  usbd_conf.o(i.HAL_PCD_DataOutStageCallback)
    i.HAL_PCD_DisconnectCallback             0x08000764   Section        0  usbd_conf.o(i.HAL_PCD_DisconnectCallback)
    i.HAL_PCD_EP_Close                       0x0800076c   Section        0  stm32f4xx_hal_pcd.o(i.HAL_PCD_EP_Close)
    i.HAL_PCD_EP_ClrStall                    0x080007b8   Section        0  stm32f4xx_hal_pcd.o(i.HAL_PCD_EP_ClrStall)
    i.HAL_PCD_EP_GetRxCount                  0x08000814   Section        0  stm32f4xx_hal_pcd.o(i.HAL_PCD_EP_GetRxCount)
    i.HAL_PCD_EP_Open                        0x08000826   Section        0  stm32f4xx_hal_pcd.o(i.HAL_PCD_EP_Open)
    i.HAL_PCD_EP_Receive                     0x08000886   Section        0  stm32f4xx_hal_pcd.o(i.HAL_PCD_EP_Receive)
    i.HAL_PCD_EP_SetStall                    0x080008ce   Section        0  stm32f4xx_hal_pcd.o(i.HAL_PCD_EP_SetStall)
    i.HAL_PCD_EP_Transmit                    0x08000942   Section        0  stm32f4xx_hal_pcd.o(i.HAL_PCD_EP_Transmit)
    i.HAL_PCD_IRQHandler                     0x08000984   Section        0  stm32f4xx_hal_pcd.o(i.HAL_PCD_IRQHandler)
    i.HAL_PCD_ISOINIncompleteCallback        0x08000de8   Section        0  usbd_conf.o(i.HAL_PCD_ISOINIncompleteCallback)
    i.HAL_PCD_ISOOUTIncompleteCallback       0x08000df0   Section        0  usbd_conf.o(i.HAL_PCD_ISOOUTIncompleteCallback)
    i.HAL_PCD_Init                           0x08000df8   Section        0  stm32f4xx_hal_pcd.o(i.HAL_PCD_Init)
    i.HAL_PCD_MspInit                        0x08000edc   Section        0  usbd_conf.o(i.HAL_PCD_MspInit)
    i.HAL_PCD_ResetCallback                  0x08000f60   Section        0  usbd_conf.o(i.HAL_PCD_ResetCallback)
    i.HAL_PCD_ResumeCallback                 0x08000f86   Section        0  usbd_conf.o(i.HAL_PCD_ResumeCallback)
    i.HAL_PCD_SOFCallback                    0x08000f8e   Section        0  usbd_conf.o(i.HAL_PCD_SOFCallback)
    i.HAL_PCD_SetAddress                     0x08000f96   Section        0  stm32f4xx_hal_pcd.o(i.HAL_PCD_SetAddress)
    i.HAL_PCD_SetupStageCallback             0x08000fbe   Section        0  usbd_conf.o(i.HAL_PCD_SetupStageCallback)
    i.HAL_PCD_Start                          0x08000fcc   Section        0  stm32f4xx_hal_pcd.o(i.HAL_PCD_Start)
    i.HAL_PCD_SuspendCallback                0x08001010   Section        0  usbd_conf.o(i.HAL_PCD_SuspendCallback)
    i.HAL_RCC_ClockConfig                    0x08001040   Section        0  stm32f4xx_hal_rcc.o(i.HAL_RCC_ClockConfig)
    i.HAL_RCC_GetHCLKFreq                    0x08001170   Section        0  stm32f4xx_hal_rcc.o(i.HAL_RCC_GetHCLKFreq)
    i.HAL_RCC_GetSysClockFreq                0x0800117c   Section        0  stm32f4xx_hal_rcc.o(i.HAL_RCC_GetSysClockFreq)
    i.HAL_RCC_OscConfig                      0x080011dc   Section        0  stm32f4xx_hal_rcc.o(i.HAL_RCC_OscConfig)
    i.HAL_SYSTICK_Config                     0x080014f8   Section        0  stm32f4xx_hal_cortex.o(i.HAL_SYSTICK_Config)
    i.HardFault_Handler                      0x08001520   Section        0  stm32f4xx_it.o(i.HardFault_Handler)
    i.IntToUnicode                           0x08001524   Section        0  usbd_desc.o(i.IntToUnicode)
    IntToUnicode                             0x08001525   Thumb Code    56  usbd_desc.o(i.IntToUnicode)
    i.MX_GPIO_Init                           0x0800155c   Section        0  main.o(i.MX_GPIO_Init)
    MX_GPIO_Init                             0x0800155d   Thumb Code   102  main.o(i.MX_GPIO_Init)
    i.MX_USB_DEVICE_Init                     0x080015cc   Section        0  usb_device.o(i.MX_USB_DEVICE_Init)
    i.MemManage_Handler                      0x08001620   Section        0  stm32f4xx_it.o(i.MemManage_Handler)
    i.NMI_Handler                            0x08001622   Section        0  stm32f4xx_it.o(i.NMI_Handler)
    i.OTG_FS_IRQHandler                      0x08001624   Section        0  stm32f4xx_it.o(i.OTG_FS_IRQHandler)
    i.PCD_EP_OutXfrComplete_int              0x08001630   Section        0  stm32f4xx_hal_pcd.o(i.PCD_EP_OutXfrComplete_int)
    PCD_EP_OutXfrComplete_int                0x08001631   Thumb Code   212  stm32f4xx_hal_pcd.o(i.PCD_EP_OutXfrComplete_int)
    i.PCD_WriteEmptyTxFifo                   0x0800170c   Section        0  stm32f4xx_hal_pcd.o(i.PCD_WriteEmptyTxFifo)
    PCD_WriteEmptyTxFifo                     0x0800170d   Thumb Code   162  stm32f4xx_hal_pcd.o(i.PCD_WriteEmptyTxFifo)
    i.PendSV_Handler                         0x080017ae   Section        0  stm32f4xx_it.o(i.PendSV_Handler)
    i.SVC_Handler                            0x080017b0   Section        0  stm32f4xx_it.o(i.SVC_Handler)
    i.SysTick_Handler                        0x080017b2   Section        0  stm32f4xx_it.o(i.SysTick_Handler)
    i.SystemClock_Config                     0x080017b8   Section        0  main.o(i.SystemClock_Config)
    i.SystemInit                             0x08001838   Section        0  system_stm32f4xx.o(i.SystemInit)
    i.USBD_CDC_DataIn                        0x0800188c   Section        0  usbd_cdc.o(i.USBD_CDC_DataIn)
    USBD_CDC_DataIn                          0x0800188d   Thumb Code    74  usbd_cdc.o(i.USBD_CDC_DataIn)
    i.USBD_CDC_DataOut                       0x080018d6   Section        0  usbd_cdc.o(i.USBD_CDC_DataOut)
    USBD_CDC_DataOut                         0x080018d7   Thumb Code    46  usbd_cdc.o(i.USBD_CDC_DataOut)
    i.USBD_CDC_DeInit                        0x08001904   Section        0  usbd_cdc.o(i.USBD_CDC_DeInit)
    USBD_CDC_DeInit                          0x08001905   Thumb Code    68  usbd_cdc.o(i.USBD_CDC_DeInit)
    i.USBD_CDC_EP0_RxReady                   0x08001948   Section        0  usbd_cdc.o(i.USBD_CDC_EP0_RxReady)
    USBD_CDC_EP0_RxReady                     0x08001949   Thumb Code    36  usbd_cdc.o(i.USBD_CDC_EP0_RxReady)
    i.USBD_CDC_GetDeviceQualifierDescriptor  0x0800196c   Section        0  usbd_cdc.o(i.USBD_CDC_GetDeviceQualifierDescriptor)
    i.USBD_CDC_GetFSCfgDesc                  0x08001978   Section        0  usbd_cdc.o(i.USBD_CDC_GetFSCfgDesc)
    USBD_CDC_GetFSCfgDesc                    0x08001979   Thumb Code     8  usbd_cdc.o(i.USBD_CDC_GetFSCfgDesc)
    i.USBD_CDC_GetHSCfgDesc                  0x08001984   Section        0  usbd_cdc.o(i.USBD_CDC_GetHSCfgDesc)
    USBD_CDC_GetHSCfgDesc                    0x08001985   Thumb Code     8  usbd_cdc.o(i.USBD_CDC_GetHSCfgDesc)
    i.USBD_CDC_GetOtherSpeedCfgDesc          0x08001990   Section        0  usbd_cdc.o(i.USBD_CDC_GetOtherSpeedCfgDesc)
    USBD_CDC_GetOtherSpeedCfgDesc            0x08001991   Thumb Code     8  usbd_cdc.o(i.USBD_CDC_GetOtherSpeedCfgDesc)
    i.USBD_CDC_Init                          0x0800199c   Section        0  usbd_cdc.o(i.USBD_CDC_Init)
    USBD_CDC_Init                            0x0800199d   Thumb Code   148  usbd_cdc.o(i.USBD_CDC_Init)
    i.USBD_CDC_ReceivePacket                 0x08001a30   Section        0  usbd_cdc.o(i.USBD_CDC_ReceivePacket)
    i.USBD_CDC_RegisterInterface             0x08001a58   Section        0  usbd_cdc.o(i.USBD_CDC_RegisterInterface)
    i.USBD_CDC_SetRxBuffer                   0x08001a68   Section        0  usbd_cdc.o(i.USBD_CDC_SetRxBuffer)
    i.USBD_CDC_SetTxBuffer                   0x08001a74   Section        0  usbd_cdc.o(i.USBD_CDC_SetTxBuffer)
    i.USBD_CDC_Setup                         0x08001a84   Section        0  usbd_cdc.o(i.USBD_CDC_Setup)
    USBD_CDC_Setup                           0x08001a85   Thumb Code   172  usbd_cdc.o(i.USBD_CDC_Setup)
    i.USBD_CDC_TransmitPacket                0x08001b30   Section        0  usbd_cdc.o(i.USBD_CDC_TransmitPacket)
    i.USBD_ClrClassConfig                    0x08001b66   Section        0  usbd_core.o(i.USBD_ClrClassConfig)
    i.USBD_CtlContinueRx                     0x08001b74   Section        0  usbd_ioreq.o(i.USBD_CtlContinueRx)
    i.USBD_CtlContinueSendData               0x08001b84   Section        0  usbd_ioreq.o(i.USBD_CtlContinueSendData)
    i.USBD_CtlError                          0x08001b94   Section        0  usbd_ctlreq.o(i.USBD_CtlError)
    i.USBD_CtlPrepareRx                      0x08001baa   Section        0  usbd_ioreq.o(i.USBD_CtlPrepareRx)
    i.USBD_CtlReceiveStatus                  0x08001bc8   Section        0  usbd_ioreq.o(i.USBD_CtlReceiveStatus)
    i.USBD_CtlSendData                       0x08001bde   Section        0  usbd_ioreq.o(i.USBD_CtlSendData)
    i.USBD_CtlSendStatus                     0x08001bf8   Section        0  usbd_ioreq.o(i.USBD_CtlSendStatus)
    i.USBD_FS_ConfigStrDescriptor            0x08001c10   Section        0  usbd_desc.o(i.USBD_FS_ConfigStrDescriptor)
    i.USBD_FS_DeviceDescriptor               0x08001c30   Section        0  usbd_desc.o(i.USBD_FS_DeviceDescriptor)
    i.USBD_FS_InterfaceStrDescriptor         0x08001c3c   Section        0  usbd_desc.o(i.USBD_FS_InterfaceStrDescriptor)
    i.USBD_FS_LangIDStrDescriptor            0x08001c60   Section        0  usbd_desc.o(i.USBD_FS_LangIDStrDescriptor)
    i.USBD_FS_ManufacturerStrDescriptor      0x08001c6c   Section        0  usbd_desc.o(i.USBD_FS_ManufacturerStrDescriptor)
    i.USBD_FS_ProductStrDescriptor           0x08001c94   Section        0  usbd_desc.o(i.USBD_FS_ProductStrDescriptor)
    i.USBD_FS_SerialStrDescriptor            0x08001cc0   Section        0  usbd_desc.o(i.USBD_FS_SerialStrDescriptor)
    i.USBD_GetDescriptor                     0x08001cf8   Section        0  usbd_ctlreq.o(i.USBD_GetDescriptor)
    USBD_GetDescriptor                       0x08001cf9   Thumb Code   232  usbd_ctlreq.o(i.USBD_GetDescriptor)
    i.USBD_GetString                         0x08001de0   Section        0  usbd_ctlreq.o(i.USBD_GetString)
    i.USBD_Get_USB_Status                    0x08001e28   Section        0  usbd_conf.o(i.USBD_Get_USB_Status)
    i.USBD_Init                              0x08001e40   Section        0  usbd_core.o(i.USBD_Init)
    i.USBD_LL_ClearStallEP                   0x08001e6a   Section        0  usbd_conf.o(i.USBD_LL_ClearStallEP)
    i.USBD_LL_CloseEP                        0x08001e7c   Section        0  usbd_conf.o(i.USBD_LL_CloseEP)
    i.USBD_LL_DataInStage                    0x08001e8e   Section        0  usbd_core.o(i.USBD_LL_DataInStage)
    i.USBD_LL_DataOutStage                   0x08001f54   Section        0  usbd_core.o(i.USBD_LL_DataOutStage)
    i.USBD_LL_DevConnected                   0x08001fd6   Section        0  usbd_core.o(i.USBD_LL_DevConnected)
    i.USBD_LL_DevDisconnected                0x08001fda   Section        0  usbd_core.o(i.USBD_LL_DevDisconnected)
    i.USBD_LL_GetRxDataSize                  0x08001ff0   Section        0  usbd_conf.o(i.USBD_LL_GetRxDataSize)
    i.USBD_LL_Init                           0x08001ff8   Section        0  usbd_conf.o(i.USBD_LL_Init)
    i.USBD_LL_IsStallEP                      0x08002058   Section        0  usbd_conf.o(i.USBD_LL_IsStallEP)
    i.USBD_LL_IsoINIncomplete                0x08002078   Section        0  usbd_core.o(i.USBD_LL_IsoINIncomplete)
    i.USBD_LL_IsoOUTIncomplete               0x0800207c   Section        0  usbd_core.o(i.USBD_LL_IsoOUTIncomplete)
    i.USBD_LL_OpenEP                         0x08002080   Section        0  usbd_conf.o(i.USBD_LL_OpenEP)
    i.USBD_LL_PrepareReceive                 0x08002098   Section        0  usbd_conf.o(i.USBD_LL_PrepareReceive)
    i.USBD_LL_Reset                          0x080020aa   Section        0  usbd_core.o(i.USBD_LL_Reset)
    i.USBD_LL_Resume                         0x080020fa   Section        0  usbd_core.o(i.USBD_LL_Resume)
    i.USBD_LL_SOF                            0x08002106   Section        0  usbd_core.o(i.USBD_LL_SOF)
    i.USBD_LL_SetSpeed                       0x0800211e   Section        0  usbd_core.o(i.USBD_LL_SetSpeed)
    i.USBD_LL_SetUSBAddress                  0x08002124   Section        0  usbd_conf.o(i.USBD_LL_SetUSBAddress)
    i.USBD_LL_SetupStage                     0x08002136   Section        0  usbd_core.o(i.USBD_LL_SetupStage)
    i.USBD_LL_StallEP                        0x08002190   Section        0  usbd_conf.o(i.USBD_LL_StallEP)
    i.USBD_LL_Start                          0x080021a2   Section        0  usbd_conf.o(i.USBD_LL_Start)
    i.USBD_LL_Suspend                        0x080021b4   Section        0  usbd_core.o(i.USBD_LL_Suspend)
    i.USBD_LL_Transmit                       0x080021c6   Section        0  usbd_conf.o(i.USBD_LL_Transmit)
    i.USBD_ParseSetupRequest                 0x080021d8   Section        0  usbd_ctlreq.o(i.USBD_ParseSetupRequest)
    i.USBD_RegisterClass                     0x08002200   Section        0  usbd_core.o(i.USBD_RegisterClass)
    i.USBD_SetClassConfig                    0x08002210   Section        0  usbd_core.o(i.USBD_SetClassConfig)
    i.USBD_SetConfig                         0x08002228   Section        0  usbd_ctlreq.o(i.USBD_SetConfig)
    USBD_SetConfig                           0x08002229   Thumb Code   128  usbd_ctlreq.o(i.USBD_SetConfig)
    i.USBD_Start                             0x080022ac   Section        0  usbd_core.o(i.USBD_Start)
    i.USBD_StdDevReq                         0x080022b6   Section        0  usbd_ctlreq.o(i.USBD_StdDevReq)
    i.USBD_StdEPReq                          0x080023c8   Section        0  usbd_ctlreq.o(i.USBD_StdEPReq)
    i.USBD_StdItfReq                         0x08002518   Section        0  usbd_ctlreq.o(i.USBD_StdItfReq)
    i.USB_ActivateEndpoint                   0x08002568   Section        0  stm32f4xx_ll_usb.o(i.USB_ActivateEndpoint)
    i.USB_ActivateSetup                      0x080025e8   Section        0  stm32f4xx_ll_usb.o(i.USB_ActivateSetup)
    i.USB_CoreInit                           0x0800261c   Section        0  stm32f4xx_ll_usb.o(i.USB_CoreInit)
    i.USB_CoreReset                          0x08002690   Section        0  stm32f4xx_ll_usb.o(i.USB_CoreReset)
    USB_CoreReset                            0x08002691   Thumb Code    50  stm32f4xx_ll_usb.o(i.USB_CoreReset)
    i.USB_DeactivateEndpoint                 0x080026c8   Section        0  stm32f4xx_ll_usb.o(i.USB_DeactivateEndpoint)
    i.USB_DevConnect                         0x08002748   Section        0  stm32f4xx_ll_usb.o(i.USB_DevConnect)
    i.USB_DevDisconnect                      0x08002760   Section        0  stm32f4xx_ll_usb.o(i.USB_DevDisconnect)
    i.USB_DevInit                            0x08002778   Section        0  stm32f4xx_ll_usb.o(i.USB_DevInit)
    i.USB_DisableGlobalInt                   0x08002904   Section        0  stm32f4xx_ll_usb.o(i.USB_DisableGlobalInt)
    i.USB_EP0StartXfer                       0x08002910   Section        0  stm32f4xx_ll_usb.o(i.USB_EP0StartXfer)
    i.USB_EP0_OutStart                       0x08002a28   Section        0  stm32f4xx_ll_usb.o(i.USB_EP0_OutStart)
    i.USB_EPClearStall                       0x08002a80   Section        0  stm32f4xx_ll_usb.o(i.USB_EPClearStall)
    i.USB_EPSetStall                         0x08002ad8   Section        0  stm32f4xx_ll_usb.o(i.USB_EPSetStall)
    i.USB_EPStartXfer                        0x08002b30   Section        0  stm32f4xx_ll_usb.o(i.USB_EPStartXfer)
    i.USB_EnableGlobalInt                    0x08002d18   Section        0  stm32f4xx_ll_usb.o(i.USB_EnableGlobalInt)
    i.USB_FlushRxFifo                        0x08002d24   Section        0  stm32f4xx_ll_usb.o(i.USB_FlushRxFifo)
    i.USB_FlushTxFifo                        0x08002d44   Section        0  stm32f4xx_ll_usb.o(i.USB_FlushTxFifo)
    i.USB_GetDevSpeed                        0x08002d68   Section        0  stm32f4xx_ll_usb.o(i.USB_GetDevSpeed)
    i.USB_GetMode                            0x08002d82   Section        0  stm32f4xx_ll_usb.o(i.USB_GetMode)
    i.USB_ReadDevAllInEpInterrupt            0x08002d8a   Section        0  stm32f4xx_ll_usb.o(i.USB_ReadDevAllInEpInterrupt)
    i.USB_ReadDevAllOutEpInterrupt           0x08002d98   Section        0  stm32f4xx_ll_usb.o(i.USB_ReadDevAllOutEpInterrupt)
    i.USB_ReadDevInEPInterrupt               0x08002da6   Section        0  stm32f4xx_ll_usb.o(i.USB_ReadDevInEPInterrupt)
    i.USB_ReadDevOutEPInterrupt              0x08002dca   Section        0  stm32f4xx_ll_usb.o(i.USB_ReadDevOutEPInterrupt)
    i.USB_ReadInterrupts                     0x08002dda   Section        0  stm32f4xx_ll_usb.o(i.USB_ReadInterrupts)
    i.USB_ReadPacket                         0x08002de2   Section        0  stm32f4xx_ll_usb.o(i.USB_ReadPacket)
    i.USB_SetCurrentMode                     0x08002dfe   Section        0  stm32f4xx_ll_usb.o(i.USB_SetCurrentMode)
    i.USB_SetDevAddress                      0x08002e2c   Section        0  stm32f4xx_ll_usb.o(i.USB_SetDevAddress)
    i.USB_SetTurnaroundTime                  0x08002e50   Section        0  stm32f4xx_ll_usb.o(i.USB_SetTurnaroundTime)
    i.USB_WritePacket                        0x08002f38   Section        0  stm32f4xx_ll_usb.o(i.USB_WritePacket)
    i.UsageFault_Handler                     0x08002f5c   Section        0  stm32f4xx_it.o(i.UsageFault_Handler)
    i.__NVIC_SetPriority                     0x08002f5e   Section        0  stm32f4xx_hal_cortex.o(i.__NVIC_SetPriority)
    __NVIC_SetPriority                       0x08002f5f   Thumb Code    32  stm32f4xx_hal_cortex.o(i.__NVIC_SetPriority)
    i.__scatterload_copy                     0x08002f7e   Section       14  handlers.o(i.__scatterload_copy)
    i.__scatterload_null                     0x08002f8c   Section        2  handlers.o(i.__scatterload_null)
    i.__scatterload_zeroinit                 0x08002f8e   Section       14  handlers.o(i.__scatterload_zeroinit)
    i.free                                   0x08002f9c   Section        0  malloc.o(i.free)
    i.main                                   0x08002fec   Section        0  main.o(i.main)
    i.malloc                                 0x08003024   Section        0  malloc.o(i.malloc)
    .constdata                               0x08003090   Section       16  system_stm32f4xx.o(.constdata)
    .data                                    0x20000000   Section      100  main.o(.data)
    .data                                    0x20000064   Section       28  usbd_desc.o(.data)
    .data                                    0x20000080   Section       50  usbd_desc.o(.data)
    .data                                    0x200000b4   Section       16  usbd_cdc_if.o(.data)
    .data                                    0x200000c4   Section       12  stm32f4xx_hal.o(.data)
    .data                                    0x200000d0   Section        4  system_stm32f4xx.o(.data)
    .data                                    0x200000d4   Section        1  usbd_ctlreq.o(.data)
    cfgidx                                   0x200000d4   Data           1  usbd_ctlreq.o(.data)
    .data                                    0x200000d8   Section      215  usbd_cdc.o(.data)
    USBD_CDC_DeviceQualifierDesc             0x200000d8   Data          10  usbd_cdc.o(.data)
    .data                                    0x200001b0   Section       56  usbd_cdc.o(.data)
    .data                                    0x200001e8   Section        4  mvars.o(.data)
    .data                                    0x200001ec   Section        4  mvars.o(.data)
    .bss                                     0x200001f0   Section      668  usb_device.o(.bss)
    .bss                                     0x2000048c   Section     1032  usbd_conf.o(.bss)
    .bss                                     0x20000894   Section      512  usbd_desc.o(.bss)
    .bss                                     0x20000a94   Section     4096  usbd_cdc_if.o(.bss)
    HEAP                                     0x20001a98   Section     8192  startup_stm32f411xe.o(HEAP)
    STACK                                    0x20003a98   Section    16384  startup_stm32f411xe.o(STACK)

    Global Symbols

    Symbol Name                              Value     Ov Type        Size  Object(Section)

    BuildAttributes$$THM_ISAv4$E$P$D$K$B$S$7EM$VFPi3$EXTD16$VFPS$VFMA$PE$A:L22UL41UL21$X:L11$S22US41US21$IEEE1$IW$USESV6$~STKCKD$USESV7$~SHL$OSPACE$EBA8$MICROLIB$REQ8$PRES8$EABIv2 0x00000000   Number         0  anon$$obj.o ABSOLUTE
    __ARM_use_no_argv                        0x00000000   Number         0  main.o ABSOLUTE
    __cpp_initialize__aeabi_                  - Undefined Weak Reference
    __cxa_finalize                            - Undefined Weak Reference
    _clock_init                               - Undefined Weak Reference
    _microlib_exit                            - Undefined Weak Reference
    __Vectors_Size                           0x00000198   Number         0  startup_stm32f411xe.o ABSOLUTE
    __Vectors                                0x08000000   Data           4  startup_stm32f411xe.o(RESET)
    __Vectors_End                            0x08000198   Data           0  startup_stm32f411xe.o(RESET)
    __main                                   0x08000199   Thumb Code     0  entry.o(.ARM.Collect$$$$00000000)
    _main_stk                                0x08000199   Thumb Code     0  entry2.o(.ARM.Collect$$$$00000001)
    _main_scatterload                        0x0800019d   Thumb Code     0  entry5.o(.ARM.Collect$$$$00000004)
    __main_after_scatterload                 0x080001a1   Thumb Code     0  entry5.o(.ARM.Collect$$$$00000004)
    _main_clock                              0x080001a1   Thumb Code     0  entry7b.o(.ARM.Collect$$$$00000008)
    _main_cpp_init                           0x080001a1   Thumb Code     0  entry8b.o(.ARM.Collect$$$$0000000A)
    _main_init                               0x080001a1   Thumb Code     0  entry9a.o(.ARM.Collect$$$$0000000B)
    __rt_final_cpp                           0x080001a9   Thumb Code     0  entry10a.o(.ARM.Collect$$$$0000000D)
    __rt_final_exit                          0x080001a9   Thumb Code     0  entry11a.o(.ARM.Collect$$$$0000000F)
    Reset_Handler                            0x080001ad   Thumb Code     8  startup_stm32f411xe.o(.text)
    ADC_IRQHandler                           0x080001c7   Thumb Code     0  startup_stm32f411xe.o(.text)
    DMA1_Stream0_IRQHandler                  0x080001c7   Thumb Code     0  startup_stm32f411xe.o(.text)
    DMA1_Stream1_IRQHandler                  0x080001c7   Thumb Code     0  startup_stm32f411xe.o(.text)
    DMA1_Stream2_IRQHandler                  0x080001c7   Thumb Code     0  startup_stm32f411xe.o(.text)
    DMA1_Stream3_IRQHandler                  0x080001c7   Thumb Code     0  startup_stm32f411xe.o(.text)
    DMA1_Stream4_IRQHandler                  0x080001c7   Thumb Code     0  startup_stm32f411xe.o(.text)
    DMA1_Stream5_IRQHandler                  0x080001c7   Thumb Code     0  startup_stm32f411xe.o(.text)
    DMA1_Stream6_IRQHandler                  0x080001c7   Thumb Code     0  startup_stm32f411xe.o(.text)
    DMA1_Stream7_IRQHandler                  0x080001c7   Thumb Code     0  startup_stm32f411xe.o(.text)
    DMA2_Stream0_IRQHandler                  0x080001c7   Thumb Code     0  startup_stm32f411xe.o(.text)
    DMA2_Stream1_IRQHandler                  0x080001c7   Thumb Code     0  startup_stm32f411xe.o(.text)
    DMA2_Stream2_IRQHandler                  0x080001c7   Thumb Code     0  startup_stm32f411xe.o(.text)
    DMA2_Stream3_IRQHandler                  0x080001c7   Thumb Code     0  startup_stm32f411xe.o(.text)
    DMA2_Stream4_IRQHandler                  0x080001c7   Thumb Code     0  startup_stm32f411xe.o(.text)
    DMA2_Stream5_IRQHandler                  0x080001c7   Thumb Code     0  startup_stm32f411xe.o(.text)
    DMA2_Stream6_IRQHandler                  0x080001c7   Thumb Code     0  startup_stm32f411xe.o(.text)
    DMA2_Stream7_IRQHandler                  0x080001c7   Thumb Code     0  startup_stm32f411xe.o(.text)
    EXTI0_IRQHandler                         0x080001c7   Thumb Code     0  startup_stm32f411xe.o(.text)
    EXTI15_10_IRQHandler                     0x080001c7   Thumb Code     0  startup_stm32f411xe.o(.text)
    EXTI1_IRQHandler                         0x080001c7   Thumb Code     0  startup_stm32f411xe.o(.text)
    EXTI2_IRQHandler                         0x080001c7   Thumb Code     0  startup_stm32f411xe.o(.text)
    EXTI3_IRQHandler                         0x080001c7   Thumb Code     0  startup_stm32f411xe.o(.text)
    EXTI4_IRQHandler                         0x080001c7   Thumb Code     0  startup_stm32f411xe.o(.text)
    EXTI9_5_IRQHandler                       0x080001c7   Thumb Code     0  startup_stm32f411xe.o(.text)
    FLASH_IRQHandler                         0x080001c7   Thumb Code     0  startup_stm32f411xe.o(.text)
    FPU_IRQHandler                           0x080001c7   Thumb Code     0  startup_stm32f411xe.o(.text)
    I2C1_ER_IRQHandler                       0x080001c7   Thumb Code     0  startup_stm32f411xe.o(.text)
    I2C1_EV_IRQHandler                       0x080001c7   Thumb Code     0  startup_stm32f411xe.o(.text)
    I2C2_ER_IRQHandler                       0x080001c7   Thumb Code     0  startup_stm32f411xe.o(.text)
    I2C2_EV_IRQHandler                       0x080001c7   Thumb Code     0  startup_stm32f411xe.o(.text)
    I2C3_ER_IRQHandler                       0x080001c7   Thumb Code     0  startup_stm32f411xe.o(.text)
    I2C3_EV_IRQHandler                       0x080001c7   Thumb Code     0  startup_stm32f411xe.o(.text)
    OTG_FS_WKUP_IRQHandler                   0x080001c7   Thumb Code     0  startup_stm32f411xe.o(.text)
    PVD_IRQHandler                           0x080001c7   Thumb Code     0  startup_stm32f411xe.o(.text)
    RCC_IRQHandler                           0x080001c7   Thumb Code     0  startup_stm32f411xe.o(.text)
    RTC_Alarm_IRQHandler                     0x080001c7   Thumb Code     0  startup_stm32f411xe.o(.text)
    RTC_WKUP_IRQHandler                      0x080001c7   Thumb Code     0  startup_stm32f411xe.o(.text)
    SDIO_IRQHandler                          0x080001c7   Thumb Code     0  startup_stm32f411xe.o(.text)
    SPI1_IRQHandler                          0x080001c7   Thumb Code     0  startup_stm32f411xe.o(.text)
    SPI2_IRQHandler                          0x080001c7   Thumb Code     0  startup_stm32f411xe.o(.text)
    SPI3_IRQHandler                          0x080001c7   Thumb Code     0  startup_stm32f411xe.o(.text)
    SPI4_IRQHandler                          0x080001c7   Thumb Code     0  startup_stm32f411xe.o(.text)
    SPI5_IRQHandler                          0x080001c7   Thumb Code     0  startup_stm32f411xe.o(.text)
    TAMP_STAMP_IRQHandler                    0x080001c7   Thumb Code     0  startup_stm32f411xe.o(.text)
    TIM1_BRK_TIM9_IRQHandler                 0x080001c7   Thumb Code     0  startup_stm32f411xe.o(.text)
    TIM1_CC_IRQHandler                       0x080001c7   Thumb Code     0  startup_stm32f411xe.o(.text)
    TIM1_TRG_COM_TIM11_IRQHandler            0x080001c7   Thumb Code     0  startup_stm32f411xe.o(.text)
    TIM1_UP_TIM10_IRQHandler                 0x080001c7   Thumb Code     0  startup_stm32f411xe.o(.text)
    TIM2_IRQHandler                          0x080001c7   Thumb Code     0  startup_stm32f411xe.o(.text)
    TIM3_IRQHandler                          0x080001c7   Thumb Code     0  startup_stm32f411xe.o(.text)
    TIM4_IRQHandler                          0x080001c7   Thumb Code     0  startup_stm32f411xe.o(.text)
    TIM5_IRQHandler                          0x080001c7   Thumb Code     0  startup_stm32f411xe.o(.text)
    USART1_IRQHandler                        0x080001c7   Thumb Code     0  startup_stm32f411xe.o(.text)
    USART2_IRQHandler                        0x080001c7   Thumb Code     0  startup_stm32f411xe.o(.text)
    USART6_IRQHandler                        0x080001c7   Thumb Code     0  startup_stm32f411xe.o(.text)
    WWDG_IRQHandler                          0x080001c7   Thumb Code     0  startup_stm32f411xe.o(.text)
    __aeabi_uldivmod                         0x080001d1   Thumb Code    98  uldiv.o(.text)
    __aeabi_memcpy                           0x08000233   Thumb Code    36  memcpya.o(.text)
    __aeabi_memcpy4                          0x08000233   Thumb Code     0  memcpya.o(.text)
    __aeabi_memcpy8                          0x08000233   Thumb Code     0  memcpya.o(.text)
    __aeabi_memset                           0x08000257   Thumb Code    14  memseta.o(.text)
    __aeabi_memset4                          0x08000257   Thumb Code     0  memseta.o(.text)
    __aeabi_memset8                          0x08000257   Thumb Code     0  memseta.o(.text)
    __aeabi_memclr                           0x08000265   Thumb Code     4  memseta.o(.text)
    __aeabi_memclr4                          0x08000265   Thumb Code     0  memseta.o(.text)
    __aeabi_memclr8                          0x08000265   Thumb Code     0  memseta.o(.text)
    _memset$wrapper                          0x08000269   Thumb Code    18  memseta.o(.text)
    strlen                                   0x0800027b   Thumb Code    14  strlen.o(.text)
    __aeabi_llsl                             0x08000289   Thumb Code    30  llshl.o(.text)
    _ll_shift_l                              0x08000289   Thumb Code     0  llshl.o(.text)
    __aeabi_llsr                             0x080002a7   Thumb Code    32  llushr.o(.text)
    _ll_ushift_r                             0x080002a7   Thumb Code     0  llushr.o(.text)
    __scatterload                            0x080002c9   Thumb Code    28  init.o(.text)
    __scatterload_rt2                        0x080002c9   Thumb Code     0  init.o(.text)
    __decompress                             0x080002ed   Thumb Code     0  __dczerorl2.o(.text)
    __decompress1                            0x080002ed   Thumb Code    86  __dczerorl2.o(.text)
    BusFault_Handler                         0x08000343   Thumb Code     2  stm32f4xx_it.o(i.BusFault_Handler)
    CDC_ReceiveCallback                      0x08000371   Thumb Code    22  main.o(i.CDC_ReceiveCallback)
    CDC_Transmit_FS                          0x080003b1   Thumb Code    38  usbd_cdc_if.o(i.CDC_Transmit_FS)
    DebugMon_Handler                         0x080003dd   Thumb Code     2  stm32f4xx_it.o(i.DebugMon_Handler)
    Error_Handler                            0x080003df   Thumb Code     2  main.o(i.Error_Handler)
    HAL_Delay                                0x080003e1   Thumb Code    32  stm32f4xx_hal.o(i.HAL_Delay)
    HAL_GPIO_Init                            0x08000405   Thumb Code   358  stm32f4xx_hal_gpio.o(i.HAL_GPIO_Init)
    HAL_GPIO_TogglePin                       0x0800058d   Thumb Code    14  stm32f4xx_hal_gpio.o(i.HAL_GPIO_TogglePin)
    HAL_GPIO_WritePin                        0x0800059b   Thumb Code    10  stm32f4xx_hal_gpio.o(i.HAL_GPIO_WritePin)
    HAL_GetTick                              0x080005a5   Thumb Code     6  stm32f4xx_hal.o(i.HAL_GetTick)
    HAL_IncTick                              0x080005b1   Thumb Code    12  stm32f4xx_hal.o(i.HAL_IncTick)
    HAL_Init                                 0x080005c1   Thumb Code    48  stm32f4xx_hal.o(i.HAL_Init)
    HAL_InitTick                             0x080005f5   Thumb Code    54  stm32f4xx_hal.o(i.HAL_InitTick)
    HAL_MspInit                              0x08000635   Thumb Code    48  stm32f4xx_hal_msp.o(i.HAL_MspInit)
    HAL_NVIC_EnableIRQ                       0x08000669   Thumb Code    26  stm32f4xx_hal_cortex.o(i.HAL_NVIC_EnableIRQ)
    HAL_NVIC_SetPriority                     0x08000685   Thumb Code    60  stm32f4xx_hal_cortex.o(i.HAL_NVIC_SetPriority)
    HAL_NVIC_SetPriorityGrouping             0x080006c5   Thumb Code    26  stm32f4xx_hal_cortex.o(i.HAL_NVIC_SetPriorityGrouping)
    HAL_PCDEx_LPM_Callback                   0x080006e9   Thumb Code     2  stm32f4xx_hal_pcd_ex.o(i.HAL_PCDEx_LPM_Callback)
    HAL_PCDEx_SetRxFiFo                      0x080006eb   Thumb Code     8  stm32f4xx_hal_pcd_ex.o(i.HAL_PCDEx_SetRxFiFo)
    HAL_PCDEx_SetTxFiFo                      0x080006f3   Thumb Code    68  stm32f4xx_hal_pcd_ex.o(i.HAL_PCDEx_SetTxFiFo)
    HAL_PCD_ConnectCallback                  0x08000737   Thumb Code     8  usbd_conf.o(i.HAL_PCD_ConnectCallback)
    HAL_PCD_DataInStageCallback              0x0800073f   Thumb Code    18  usbd_conf.o(i.HAL_PCD_DataInStageCallback)
    HAL_PCD_DataOutStageCallback             0x08000751   Thumb Code    20  usbd_conf.o(i.HAL_PCD_DataOutStageCallback)
    HAL_PCD_DisconnectCallback               0x08000765   Thumb Code     8  usbd_conf.o(i.HAL_PCD_DisconnectCallback)
    HAL_PCD_EP_Close                         0x0800076d   Thumb Code    76  stm32f4xx_hal_pcd.o(i.HAL_PCD_EP_Close)
    HAL_PCD_EP_ClrStall                      0x080007b9   Thumb Code    92  stm32f4xx_hal_pcd.o(i.HAL_PCD_EP_ClrStall)
    HAL_PCD_EP_GetRxCount                    0x08000815   Thumb Code    18  stm32f4xx_hal_pcd.o(i.HAL_PCD_EP_GetRxCount)
    HAL_PCD_EP_Open                          0x08000827   Thumb Code    96  stm32f4xx_hal_pcd.o(i.HAL_PCD_EP_Open)
    HAL_PCD_EP_Receive                       0x08000887   Thumb Code    72  stm32f4xx_hal_pcd.o(i.HAL_PCD_EP_Receive)
    HAL_PCD_EP_SetStall                      0x080008cf   Thumb Code   116  stm32f4xx_hal_pcd.o(i.HAL_PCD_EP_SetStall)
    HAL_PCD_EP_Transmit                      0x08000943   Thumb Code    64  stm32f4xx_hal_pcd.o(i.HAL_PCD_EP_Transmit)
    HAL_PCD_IRQHandler                       0x08000985   Thumb Code  1114  stm32f4xx_hal_pcd.o(i.HAL_PCD_IRQHandler)
    HAL_PCD_ISOINIncompleteCallback          0x08000de9   Thumb Code     8  usbd_conf.o(i.HAL_PCD_ISOINIncompleteCallback)
    HAL_PCD_ISOOUTIncompleteCallback         0x08000df1   Thumb Code     8  usbd_conf.o(i.HAL_PCD_ISOOUTIncompleteCallback)
    HAL_PCD_Init                             0x08000df9   Thumb Code   226  stm32f4xx_hal_pcd.o(i.HAL_PCD_Init)
    HAL_PCD_MspInit                          0x08000edd   Thumb Code   122  usbd_conf.o(i.HAL_PCD_MspInit)
    HAL_PCD_ResetCallback                    0x08000f61   Thumb Code    38  usbd_conf.o(i.HAL_PCD_ResetCallback)
    HAL_PCD_ResumeCallback                   0x08000f87   Thumb Code     8  usbd_conf.o(i.HAL_PCD_ResumeCallback)
    HAL_PCD_SOFCallback                      0x08000f8f   Thumb Code     8  usbd_conf.o(i.HAL_PCD_SOFCallback)
    HAL_PCD_SetAddress                       0x08000f97   Thumb Code    40  stm32f4xx_hal_pcd.o(i.HAL_PCD_SetAddress)
    HAL_PCD_SetupStageCallback               0x08000fbf   Thumb Code    14  usbd_conf.o(i.HAL_PCD_SetupStageCallback)
    HAL_PCD_Start                            0x08000fcd   Thumb Code    66  stm32f4xx_hal_pcd.o(i.HAL_PCD_Start)
    HAL_PCD_SuspendCallback                  0x08001011   Thumb Code    44  usbd_conf.o(i.HAL_PCD_SuspendCallback)
    HAL_RCC_ClockConfig                      0x08001041   Thumb Code   286  stm32f4xx_hal_rcc.o(i.HAL_RCC_ClockConfig)
    HAL_RCC_GetHCLKFreq                      0x08001171   Thumb Code     6  stm32f4xx_hal_rcc.o(i.HAL_RCC_GetHCLKFreq)
    HAL_RCC_GetSysClockFreq                  0x0800117d   Thumb Code    88  stm32f4xx_hal_rcc.o(i.HAL_RCC_GetSysClockFreq)
    HAL_RCC_OscConfig                        0x080011dd   Thumb Code   770  stm32f4xx_hal_rcc.o(i.HAL_RCC_OscConfig)
    HAL_SYSTICK_Config                       0x080014f9   Thumb Code    40  stm32f4xx_hal_cortex.o(i.HAL_SYSTICK_Config)
    HardFault_Handler                        0x08001521   Thumb Code     2  stm32f4xx_it.o(i.HardFault_Handler)
    MX_USB_DEVICE_Init                       0x080015cd   Thumb Code    66  usb_device.o(i.MX_USB_DEVICE_Init)
    MemManage_Handler                        0x08001621   Thumb Code     2  stm32f4xx_it.o(i.MemManage_Handler)
    NMI_Handler                              0x08001623   Thumb Code     2  stm32f4xx_it.o(i.NMI_Handler)
    OTG_FS_IRQHandler                        0x08001625   Thumb Code     6  stm32f4xx_it.o(i.OTG_FS_IRQHandler)
    PendSV_Handler                           0x080017af   Thumb Code     2  stm32f4xx_it.o(i.PendSV_Handler)
    SVC_Handler                              0x080017b1   Thumb Code     2  stm32f4xx_it.o(i.SVC_Handler)
    SysTick_Handler                          0x080017b3   Thumb Code     4  stm32f4xx_it.o(i.SysTick_Handler)
    SystemClock_Config                       0x080017b9   Thumb Code   120  main.o(i.SystemClock_Config)
    SystemInit                               0x08001839   Thumb Code    66  system_stm32f4xx.o(i.SystemInit)
    USBD_CDC_GetDeviceQualifierDescriptor    0x0800196d   Thumb Code     8  usbd_cdc.o(i.USBD_CDC_GetDeviceQualifierDescriptor)
    USBD_CDC_ReceivePacket                   0x08001a31   Thumb Code    40  usbd_cdc.o(i.USBD_CDC_ReceivePacket)
    USBD_CDC_RegisterInterface               0x08001a59   Thumb Code    16  usbd_cdc.o(i.USBD_CDC_RegisterInterface)
    USBD_CDC_SetRxBuffer                     0x08001a69   Thumb Code    12  usbd_cdc.o(i.USBD_CDC_SetRxBuffer)
    USBD_CDC_SetTxBuffer                     0x08001a75   Thumb Code    16  usbd_cdc.o(i.USBD_CDC_SetTxBuffer)
    USBD_CDC_TransmitPacket                  0x08001b31   Thumb Code    54  usbd_cdc.o(i.USBD_CDC_TransmitPacket)
    USBD_ClrClassConfig                      0x08001b67   Thumb Code    14  usbd_core.o(i.USBD_ClrClassConfig)
    USBD_CtlContinueRx                       0x08001b75   Thumb Code    16  usbd_ioreq.o(i.USBD_CtlContinueRx)
    USBD_CtlContinueSendData                 0x08001b85   Thumb Code    16  usbd_ioreq.o(i.USBD_CtlContinueSendData)
    USBD_CtlError                            0x08001b95   Thumb Code    22  usbd_ctlreq.o(i.USBD_CtlError)
    USBD_CtlPrepareRx                        0x08001bab   Thumb Code    30  usbd_ioreq.o(i.USBD_CtlPrepareRx)
    USBD_CtlReceiveStatus                    0x08001bc9   Thumb Code    22  usbd_ioreq.o(i.USBD_CtlReceiveStatus)
    USBD_CtlSendData                         0x08001bdf   Thumb Code    26  usbd_ioreq.o(i.USBD_CtlSendData)
    USBD_CtlSendStatus                       0x08001bf9   Thumb Code    22  usbd_ioreq.o(i.USBD_CtlSendStatus)
    USBD_FS_ConfigStrDescriptor              0x08001c11   Thumb Code    16  usbd_desc.o(i.USBD_FS_ConfigStrDescriptor)
    USBD_FS_DeviceDescriptor                 0x08001c31   Thumb Code     8  usbd_desc.o(i.USBD_FS_DeviceDescriptor)
    USBD_FS_InterfaceStrDescriptor           0x08001c3d   Thumb Code    16  usbd_desc.o(i.USBD_FS_InterfaceStrDescriptor)
    USBD_FS_LangIDStrDescriptor              0x08001c61   Thumb Code     8  usbd_desc.o(i.USBD_FS_LangIDStrDescriptor)
    USBD_FS_ManufacturerStrDescriptor        0x08001c6d   Thumb Code    16  usbd_desc.o(i.USBD_FS_ManufacturerStrDescriptor)
    USBD_FS_ProductStrDescriptor             0x08001c95   Thumb Code    16  usbd_desc.o(i.USBD_FS_ProductStrDescriptor)
    USBD_FS_SerialStrDescriptor              0x08001cc1   Thumb Code    48  usbd_desc.o(i.USBD_FS_SerialStrDescriptor)
    USBD_GetString                           0x08001de1   Thumb Code    72  usbd_ctlreq.o(i.USBD_GetString)
    USBD_Get_USB_Status                      0x08001e29   Thumb Code    24  usbd_conf.o(i.USBD_Get_USB_Status)
    USBD_Init                                0x08001e41   Thumb Code    42  usbd_core.o(i.USBD_Init)
    USBD_LL_ClearStallEP                     0x08001e6b   Thumb Code    18  usbd_conf.o(i.USBD_LL_ClearStallEP)
    USBD_LL_CloseEP                          0x08001e7d   Thumb Code    18  usbd_conf.o(i.USBD_LL_CloseEP)
    USBD_LL_DataInStage                      0x08001e8f   Thumb Code   198  usbd_core.o(i.USBD_LL_DataInStage)
    USBD_LL_DataOutStage                     0x08001f55   Thumb Code   130  usbd_core.o(i.USBD_LL_DataOutStage)
    USBD_LL_DevConnected                     0x08001fd7   Thumb Code     4  usbd_core.o(i.USBD_LL_DevConnected)
    USBD_LL_DevDisconnected                  0x08001fdb   Thumb Code    22  usbd_core.o(i.USBD_LL_DevDisconnected)
    USBD_LL_GetRxDataSize                    0x08001ff1   Thumb Code     8  usbd_conf.o(i.USBD_LL_GetRxDataSize)
    USBD_LL_Init                             0x08001ff9   Thumb Code    90  usbd_conf.o(i.USBD_LL_Init)
    USBD_LL_IsStallEP                        0x08002059   Thumb Code    32  usbd_conf.o(i.USBD_LL_IsStallEP)
    USBD_LL_IsoINIncomplete                  0x08002079   Thumb Code     4  usbd_core.o(i.USBD_LL_IsoINIncomplete)
    USBD_LL_IsoOUTIncomplete                 0x0800207d   Thumb Code     4  usbd_core.o(i.USBD_LL_IsoOUTIncomplete)
    USBD_LL_OpenEP                           0x08002081   Thumb Code    24  usbd_conf.o(i.USBD_LL_OpenEP)
    USBD_LL_PrepareReceive                   0x08002099   Thumb Code    18  usbd_conf.o(i.USBD_LL_PrepareReceive)
    USBD_LL_Reset                            0x080020ab   Thumb Code    80  usbd_core.o(i.USBD_LL_Reset)
    USBD_LL_Resume                           0x080020fb   Thumb Code    12  usbd_core.o(i.USBD_LL_Resume)
    USBD_LL_SOF                              0x08002107   Thumb Code    24  usbd_core.o(i.USBD_LL_SOF)
    USBD_LL_SetSpeed                         0x0800211f   Thumb Code     6  usbd_core.o(i.USBD_LL_SetSpeed)
    USBD_LL_SetUSBAddress                    0x08002125   Thumb Code    18  usbd_conf.o(i.USBD_LL_SetUSBAddress)
    USBD_LL_SetupStage                       0x08002137   Thumb Code    90  usbd_core.o(i.USBD_LL_SetupStage)
    USBD_LL_StallEP                          0x08002191   Thumb Code    18  usbd_conf.o(i.USBD_LL_StallEP)
    USBD_LL_Start                            0x080021a3   Thumb Code    18  usbd_conf.o(i.USBD_LL_Start)
    USBD_LL_Suspend                          0x080021b5   Thumb Code    18  usbd_core.o(i.USBD_LL_Suspend)
    USBD_LL_Transmit                         0x080021c7   Thumb Code    18  usbd_conf.o(i.USBD_LL_Transmit)
    USBD_ParseSetupRequest                   0x080021d9   Thumb Code    40  usbd_ctlreq.o(i.USBD_ParseSetupRequest)
    USBD_RegisterClass                       0x08002201   Thumb Code    16  usbd_core.o(i.USBD_RegisterClass)
    USBD_SetClassConfig                      0x08002211   Thumb Code    22  usbd_core.o(i.USBD_SetClassConfig)
    USBD_Start                               0x080022ad   Thumb Code    10  usbd_core.o(i.USBD_Start)
    USBD_StdDevReq                           0x080022b7   Thumb Code   274  usbd_ctlreq.o(i.USBD_StdDevReq)
    USBD_StdEPReq                            0x080023c9   Thumb Code   336  usbd_ctlreq.o(i.USBD_StdEPReq)
    USBD_StdItfReq                           0x08002519   Thumb Code    78  usbd_ctlreq.o(i.USBD_StdItfReq)
    USB_ActivateEndpoint                     0x08002569   Thumb Code   122  stm32f4xx_ll_usb.o(i.USB_ActivateEndpoint)
    USB_ActivateSetup                        0x080025e9   Thumb Code    52  stm32f4xx_ll_usb.o(i.USB_ActivateSetup)
    USB_CoreInit                             0x0800261d   Thumb Code   112  stm32f4xx_ll_usb.o(i.USB_CoreInit)
    USB_DeactivateEndpoint                   0x080026c9   Thumb Code   118  stm32f4xx_ll_usb.o(i.USB_DeactivateEndpoint)
    USB_DevConnect                           0x08002749   Thumb Code    24  stm32f4xx_ll_usb.o(i.USB_DevConnect)
    USB_DevDisconnect                        0x08002761   Thumb Code    24  stm32f4xx_ll_usb.o(i.USB_DevDisconnect)
    USB_DevInit                              0x08002779   Thumb Code   378  stm32f4xx_ll_usb.o(i.USB_DevInit)
    USB_DisableGlobalInt                     0x08002905   Thumb Code    12  stm32f4xx_ll_usb.o(i.USB_DisableGlobalInt)
    USB_EP0StartXfer                         0x08002911   Thumb Code   276  stm32f4xx_ll_usb.o(i.USB_EP0StartXfer)
    USB_EP0_OutStart                         0x08002a29   Thumb Code    84  stm32f4xx_ll_usb.o(i.USB_EP0_OutStart)
    USB_EPClearStall                         0x08002a81   Thumb Code    88  stm32f4xx_ll_usb.o(i.USB_EPClearStall)
    USB_EPSetStall                           0x08002ad9   Thumb Code    88  stm32f4xx_ll_usb.o(i.USB_EPSetStall)
    USB_EPStartXfer                          0x08002b31   Thumb Code   482  stm32f4xx_ll_usb.o(i.USB_EPStartXfer)
    USB_EnableGlobalInt                      0x08002d19   Thumb Code    12  stm32f4xx_ll_usb.o(i.USB_EnableGlobalInt)
    USB_FlushRxFifo                          0x08002d25   Thumb Code    28  stm32f4xx_ll_usb.o(i.USB_FlushRxFifo)
    USB_FlushTxFifo                          0x08002d45   Thumb Code    32  stm32f4xx_ll_usb.o(i.USB_FlushTxFifo)
    USB_GetDevSpeed                          0x08002d69   Thumb Code    26  stm32f4xx_ll_usb.o(i.USB_GetDevSpeed)
    USB_GetMode                              0x08002d83   Thumb Code     8  stm32f4xx_ll_usb.o(i.USB_GetMode)
    USB_ReadDevAllInEpInterrupt              0x08002d8b   Thumb Code    14  stm32f4xx_ll_usb.o(i.USB_ReadDevAllInEpInterrupt)
    USB_ReadDevAllOutEpInterrupt             0x08002d99   Thumb Code    14  stm32f4xx_ll_usb.o(i.USB_ReadDevAllOutEpInterrupt)
    USB_ReadDevInEPInterrupt                 0x08002da7   Thumb Code    36  stm32f4xx_ll_usb.o(i.USB_ReadDevInEPInterrupt)
    USB_ReadDevOutEPInterrupt                0x08002dcb   Thumb Code    16  stm32f4xx_ll_usb.o(i.USB_ReadDevOutEPInterrupt)
    USB_ReadInterrupts                       0x08002ddb   Thumb Code     8  stm32f4xx_ll_usb.o(i.USB_ReadInterrupts)
    USB_ReadPacket                           0x08002de3   Thumb Code    28  stm32f4xx_ll_usb.o(i.USB_ReadPacket)
    USB_SetCurrentMode                       0x08002dff   Thumb Code    46  stm32f4xx_ll_usb.o(i.USB_SetCurrentMode)
    USB_SetDevAddress                        0x08002e2d   Thumb Code    34  stm32f4xx_ll_usb.o(i.USB_SetDevAddress)
    USB_SetTurnaroundTime                    0x08002e51   Thumb Code   158  stm32f4xx_ll_usb.o(i.USB_SetTurnaroundTime)
    USB_WritePacket                          0x08002f39   Thumb Code    36  stm32f4xx_ll_usb.o(i.USB_WritePacket)
    UsageFault_Handler                       0x08002f5d   Thumb Code     2  stm32f4xx_it.o(i.UsageFault_Handler)
    __scatterload_copy                       0x08002f7f   Thumb Code    14  handlers.o(i.__scatterload_copy)
    __scatterload_null                       0x08002f8d   Thumb Code     2  handlers.o(i.__scatterload_null)
    __scatterload_zeroinit                   0x08002f8f   Thumb Code    14  handlers.o(i.__scatterload_zeroinit)
    free                                     0x08002f9d   Thumb Code    76  malloc.o(i.free)
    main                                     0x08002fed   Thumb Code    50  main.o(i.main)
    malloc                                   0x08003025   Thumb Code    92  malloc.o(i.malloc)
    AHBPrescTable                            0x08003090   Data          16  system_stm32f4xx.o(.constdata)
    Region$$Table$$Base                      0x080030a0   Number         0  anon$$obj.o(Region$$Table)
    Region$$Table$$Limit                     0x080030c0   Number         0  anon$$obj.o(Region$$Table)
    buffer                                   0x20000000   Data         100  main.o(.data)
    FS_Desc                                  0x20000064   Data          28  usbd_desc.o(.data)
    USBD_LangIDDesc                          0x20000080   Data           4  usbd_desc.o(.data)
    USBD_FS_DeviceDesc                       0x20000084   Data          18  usbd_desc.o(.data)
    USBD_StringSerial                        0x20000098   Data          26  usbd_desc.o(.data)
    USBD_Interface_fops_FS                   0x200000b4   Data          16  usbd_cdc_if.o(.data)
    uwTickFreq                               0x200000c4   Data           1  stm32f4xx_hal.o(.data)
    uwTickPrio                               0x200000c8   Data           4  stm32f4xx_hal.o(.data)
    uwTick                                   0x200000cc   Data           4  stm32f4xx_hal.o(.data)
    SystemCoreClock                          0x200000d0   Data           4  system_stm32f4xx.o(.data)
    USBD_CDC_CfgHSDesc                       0x200000e4   Data          67  usbd_cdc.o(.data)
    USBD_CDC_CfgFSDesc                       0x20000128   Data          67  usbd_cdc.o(.data)
    USBD_CDC_OtherSpeedCfgDesc               0x2000016c   Data          67  usbd_cdc.o(.data)
    USBD_CDC                                 0x200001b0   Data          56  usbd_cdc.o(.data)
    __microlib_freelist                      0x200001e8   Data           4  mvars.o(.data)
    __microlib_freelist_initialised          0x200001ec   Data           4  mvars.o(.data)
    hUsbDeviceFS                             0x200001f0   Data         668  usb_device.o(.bss)
    hpcd_USB_OTG_FS                          0x2000048c   Data        1032  usbd_conf.o(.bss)
    USBD_StrDesc                             0x20000894   Data         512  usbd_desc.o(.bss)
    UserRxBufferFS                           0x20000a94   Data        2048  usbd_cdc_if.o(.bss)
    UserTxBufferFS                           0x20001294   Data        2048  usbd_cdc_if.o(.bss)
    __heap_base                              0x20001a98   Data           0  startup_stm32f411xe.o(HEAP)
    __heap_limit                             0x20003a98   Data           0  startup_stm32f411xe.o(HEAP)
    __initial_sp                             0x20007a98   Data           0  startup_stm32f411xe.o(STACK)



==============================================================================

Memory Map of the image

  Image Entry point : 0x08000199

  Load Region LR_IROM1 (Base: 0x08000000, Size: 0x000032b0, Max: 0x00080000, ABSOLUTE, COMPRESSED[0x000031a8])

    Execution Region ER_IROM1 (Exec base: 0x08000000, Load base: 0x08000000, Size: 0x000030c0, Max: 0x00080000, ABSOLUTE)

    Exec Addr    Load Addr    Size         Type   Attr      Idx    E Section Name        Object

    0x08000000   0x08000000   0x00000198   Data   RO            3    RESET               startup_stm32f411xe.o
    0x08000198   0x08000198   0x00000000   Code   RO         2984  * .ARM.Collect$$$$00000000  mc_w.l(entry.o)
    0x08000198   0x08000198   0x00000004   Code   RO         3025    .ARM.Collect$$$$00000001  mc_w.l(entry2.o)
    0x0800019c   0x0800019c   0x00000004   Code   RO         3028    .ARM.Collect$$$$00000004  mc_w.l(entry5.o)
    0x080001a0   0x080001a0   0x00000000   Code   RO         3030    .ARM.Collect$$$$00000008  mc_w.l(entry7b.o)
    0x080001a0   0x080001a0   0x00000000   Code   RO         3032    .ARM.Collect$$$$0000000A  mc_w.l(entry8b.o)
    0x080001a0   0x080001a0   0x00000008   Code   RO         3033    .ARM.Collect$$$$0000000B  mc_w.l(entry9a.o)
    0x080001a8   0x080001a8   0x00000000   Code   RO         3035    .ARM.Collect$$$$0000000D  mc_w.l(entry10a.o)
    0x080001a8   0x080001a8   0x00000000   Code   RO         3037    .ARM.Collect$$$$0000000F  mc_w.l(entry11a.o)
    0x080001a8   0x080001a8   0x00000004   Code   RO         3026    .ARM.Collect$$$$00002712  mc_w.l(entry2.o)
    0x080001ac   0x080001ac   0x00000024   Code   RO            4    .text               startup_stm32f411xe.o
    0x080001d0   0x080001d0   0x00000062   Code   RO         2987    .text               mc_w.l(uldiv.o)
    0x08000232   0x08000232   0x00000024   Code   RO         2989    .text               mc_w.l(memcpya.o)
    0x08000256   0x08000256   0x00000024   Code   RO         2991    .text               mc_w.l(memseta.o)
    0x0800027a   0x0800027a   0x0000000e   Code   RO         2993    .text               mc_w.l(strlen.o)
    0x08000288   0x08000288   0x0000001e   Code   RO         3039    .text               mc_w.l(llshl.o)
    0x080002a6   0x080002a6   0x00000020   Code   RO         3041    .text               mc_w.l(llushr.o)
    0x080002c6   0x080002c6   0x00000002   PAD
    0x080002c8   0x080002c8   0x00000024   Code   RO         3045    .text               mc_w.l(init.o)
    0x080002ec   0x080002ec   0x00000056   Code   RO         3055    .text               mc_w.l(__dczerorl2.o)
    0x08000342   0x08000342   0x00000002   Code   RO          669    i.BusFault_Handler  stm32f4xx_it.o
    0x08000344   0x08000344   0x00000004   Code   RO          611    i.CDC_Control_FS    usbd_cdc_if.o
    0x08000348   0x08000348   0x00000004   Code   RO          612    i.CDC_DeInit_FS     usbd_cdc_if.o
    0x0800034c   0x0800034c   0x00000024   Code   RO          613    i.CDC_Init_FS       usbd_cdc_if.o
    0x08000370   0x08000370   0x0000001c   Code   RO           13    i.CDC_ReceiveCallback  main.o
    0x0800038c   0x0800038c   0x00000024   Code   RO          615    i.CDC_Receive_FS    usbd_cdc_if.o
    0x080003b0   0x080003b0   0x0000002c   Code   RO          616    i.CDC_Transmit_FS   usbd_cdc_if.o
    0x080003dc   0x080003dc   0x00000002   Code   RO          670    i.DebugMon_Handler  stm32f4xx_it.o
    0x080003de   0x080003de   0x00000002   Code   RO           14    i.Error_Handler     main.o
    0x080003e0   0x080003e0   0x00000024   Code   RO         2332    i.HAL_Delay         stm32f4xx_hal.o
    0x08000404   0x08000404   0x00000188   Code   RO         1782    i.HAL_GPIO_Init     stm32f4xx_hal_gpio.o
    0x0800058c   0x0800058c   0x0000000e   Code   RO         1785    i.HAL_GPIO_TogglePin  stm32f4xx_hal_gpio.o
    0x0800059a   0x0800059a   0x0000000a   Code   RO         1786    i.HAL_GPIO_WritePin  stm32f4xx_hal_gpio.o
    0x080005a4   0x080005a4   0x0000000c   Code   RO         2338    i.HAL_GetTick       stm32f4xx_hal.o
    0x080005b0   0x080005b0   0x00000010   Code   RO         2344    i.HAL_IncTick       stm32f4xx_hal.o
    0x080005c0   0x080005c0   0x00000034   Code   RO         2345    i.HAL_Init          stm32f4xx_hal.o
    0x080005f4   0x080005f4   0x00000040   Code   RO         2346    i.HAL_InitTick      stm32f4xx_hal.o
    0x08000634   0x08000634   0x00000034   Code   RO          751    i.HAL_MspInit       stm32f4xx_hal_msp.o
    0x08000668   0x08000668   0x0000001a   Code   RO         2195    i.HAL_NVIC_EnableIRQ  stm32f4xx_hal_cortex.o
    0x08000682   0x08000682   0x00000002   PAD
    0x08000684   0x08000684   0x00000040   Code   RO         2201    i.HAL_NVIC_SetPriority  stm32f4xx_hal_cortex.o
    0x080006c4   0x080006c4   0x00000024   Code   RO         2202    i.HAL_NVIC_SetPriorityGrouping  stm32f4xx_hal_cortex.o
    0x080006e8   0x080006e8   0x00000002   Code   RO          996    i.HAL_PCDEx_LPM_Callback  stm32f4xx_hal_pcd_ex.o
    0x080006ea   0x080006ea   0x00000008   Code   RO          997    i.HAL_PCDEx_SetRxFiFo  stm32f4xx_hal_pcd_ex.o
    0x080006f2   0x080006f2   0x00000044   Code   RO          998    i.HAL_PCDEx_SetTxFiFo  stm32f4xx_hal_pcd_ex.o
    0x08000736   0x08000736   0x00000008   Code   RO          226    i.HAL_PCD_ConnectCallback  usbd_conf.o
    0x0800073e   0x0800073e   0x00000012   Code   RO          227    i.HAL_PCD_DataInStageCallback  usbd_conf.o
    0x08000750   0x08000750   0x00000014   Code   RO          228    i.HAL_PCD_DataOutStageCallback  usbd_conf.o
    0x08000764   0x08000764   0x00000008   Code   RO          229    i.HAL_PCD_DisconnectCallback  usbd_conf.o
    0x0800076c   0x0800076c   0x0000004c   Code   RO          784    i.HAL_PCD_EP_Close  stm32f4xx_hal_pcd.o
    0x080007b8   0x080007b8   0x0000005c   Code   RO          785    i.HAL_PCD_EP_ClrStall  stm32f4xx_hal_pcd.o
    0x08000814   0x08000814   0x00000012   Code   RO          787    i.HAL_PCD_EP_GetRxCount  stm32f4xx_hal_pcd.o
    0x08000826   0x08000826   0x00000060   Code   RO          788    i.HAL_PCD_EP_Open   stm32f4xx_hal_pcd.o
    0x08000886   0x08000886   0x00000048   Code   RO          789    i.HAL_PCD_EP_Receive  stm32f4xx_hal_pcd.o
    0x080008ce   0x080008ce   0x00000074   Code   RO          790    i.HAL_PCD_EP_SetStall  stm32f4xx_hal_pcd.o
    0x08000942   0x08000942   0x00000040   Code   RO          791    i.HAL_PCD_EP_Transmit  stm32f4xx_hal_pcd.o
    0x08000982   0x08000982   0x00000002   PAD
    0x08000984   0x08000984   0x00000464   Code   RO          793    i.HAL_PCD_IRQHandler  stm32f4xx_hal_pcd.o
    0x08000de8   0x08000de8   0x00000008   Code   RO          230    i.HAL_PCD_ISOINIncompleteCallback  usbd_conf.o
    0x08000df0   0x08000df0   0x00000008   Code   RO          231    i.HAL_PCD_ISOOUTIncompleteCallback  usbd_conf.o
    0x08000df8   0x08000df8   0x000000e2   Code   RO          796    i.HAL_PCD_Init      stm32f4xx_hal_pcd.o
    0x08000eda   0x08000eda   0x00000002   PAD
    0x08000edc   0x08000edc   0x00000084   Code   RO          233    i.HAL_PCD_MspInit   usbd_conf.o
    0x08000f60   0x08000f60   0x00000026   Code   RO          234    i.HAL_PCD_ResetCallback  usbd_conf.o
    0x08000f86   0x08000f86   0x00000008   Code   RO          235    i.HAL_PCD_ResumeCallback  usbd_conf.o
    0x08000f8e   0x08000f8e   0x00000008   Code   RO          236    i.HAL_PCD_SOFCallback  usbd_conf.o
    0x08000f96   0x08000f96   0x00000028   Code   RO          802    i.HAL_PCD_SetAddress  stm32f4xx_hal_pcd.o
    0x08000fbe   0x08000fbe   0x0000000e   Code   RO          237    i.HAL_PCD_SetupStageCallback  usbd_conf.o
    0x08000fcc   0x08000fcc   0x00000042   Code   RO          804    i.HAL_PCD_Start     stm32f4xx_hal_pcd.o
    0x0800100e   0x0800100e   0x00000002   PAD
    0x08001010   0x08001010   0x00000030   Code   RO          238    i.HAL_PCD_SuspendCallback  usbd_conf.o
    0x08001040   0x08001040   0x00000130   Code   RO         1374    i.HAL_RCC_ClockConfig  stm32f4xx_hal_rcc.o
    0x08001170   0x08001170   0x0000000c   Code   RO         1379    i.HAL_RCC_GetHCLKFreq  stm32f4xx_hal_rcc.o
    0x0800117c   0x0800117c   0x00000060   Code   RO         1383    i.HAL_RCC_GetSysClockFreq  stm32f4xx_hal_rcc.o
    0x080011dc   0x080011dc   0x0000031c   Code   RO         1386    i.HAL_RCC_OscConfig  stm32f4xx_hal_rcc.o
    0x080014f8   0x080014f8   0x00000028   Code   RO         2206    i.HAL_SYSTICK_Config  stm32f4xx_hal_cortex.o
    0x08001520   0x08001520   0x00000002   Code   RO          671    i.HardFault_Handler  stm32f4xx_it.o
    0x08001522   0x08001522   0x00000002   PAD
    0x08001524   0x08001524   0x00000038   Code   RO          525    i.IntToUnicode      usbd_desc.o
    0x0800155c   0x0800155c   0x00000070   Code   RO           15    i.MX_GPIO_Init      main.o
    0x080015cc   0x080015cc   0x00000054   Code   RO          195    i.MX_USB_DEVICE_Init  usb_device.o
    0x08001620   0x08001620   0x00000002   Code   RO          672    i.MemManage_Handler  stm32f4xx_it.o
    0x08001622   0x08001622   0x00000002   Code   RO          673    i.NMI_Handler       stm32f4xx_it.o
    0x08001624   0x08001624   0x0000000c   Code   RO          674    i.OTG_FS_IRQHandler  stm32f4xx_it.o
    0x08001630   0x08001630   0x000000dc   Code   RO          807    i.PCD_EP_OutXfrComplete_int  stm32f4xx_hal_pcd.o
    0x0800170c   0x0800170c   0x000000a2   Code   RO          808    i.PCD_WriteEmptyTxFifo  stm32f4xx_hal_pcd.o
    0x080017ae   0x080017ae   0x00000002   Code   RO          675    i.PendSV_Handler    stm32f4xx_it.o
    0x080017b0   0x080017b0   0x00000002   Code   RO          676    i.SVC_Handler       stm32f4xx_it.o
    0x080017b2   0x080017b2   0x00000004   Code   RO          677    i.SysTick_Handler   stm32f4xx_it.o
    0x080017b6   0x080017b6   0x00000002   PAD
    0x080017b8   0x080017b8   0x00000080   Code   RO           16    i.SystemClock_Config  main.o
    0x08001838   0x08001838   0x00000054   Code   RO         2581    i.SystemInit        system_stm32f4xx.o
    0x0800188c   0x0800188c   0x0000004a   Code   RO         2881    i.USBD_CDC_DataIn   usbd_cdc.o
    0x080018d6   0x080018d6   0x0000002e   Code   RO         2882    i.USBD_CDC_DataOut  usbd_cdc.o
    0x08001904   0x08001904   0x00000044   Code   RO         2883    i.USBD_CDC_DeInit   usbd_cdc.o
    0x08001948   0x08001948   0x00000024   Code   RO         2884    i.USBD_CDC_EP0_RxReady  usbd_cdc.o
    0x0800196c   0x0800196c   0x0000000c   Code   RO         2885    i.USBD_CDC_GetDeviceQualifierDescriptor  usbd_cdc.o
    0x08001978   0x08001978   0x0000000c   Code   RO         2886    i.USBD_CDC_GetFSCfgDesc  usbd_cdc.o
    0x08001984   0x08001984   0x0000000c   Code   RO         2887    i.USBD_CDC_GetHSCfgDesc  usbd_cdc.o
    0x08001990   0x08001990   0x0000000c   Code   RO         2888    i.USBD_CDC_GetOtherSpeedCfgDesc  usbd_cdc.o
    0x0800199c   0x0800199c   0x00000094   Code   RO         2889    i.USBD_CDC_Init     usbd_cdc.o
    0x08001a30   0x08001a30   0x00000028   Code   RO         2890    i.USBD_CDC_ReceivePacket  usbd_cdc.o
    0x08001a58   0x08001a58   0x00000010   Code   RO         2891    i.USBD_CDC_RegisterInterface  usbd_cdc.o
    0x08001a68   0x08001a68   0x0000000c   Code   RO         2892    i.USBD_CDC_SetRxBuffer  usbd_cdc.o
    0x08001a74   0x08001a74   0x00000010   Code   RO         2893    i.USBD_CDC_SetTxBuffer  usbd_cdc.o
    0x08001a84   0x08001a84   0x000000ac   Code   RO         2894    i.USBD_CDC_Setup    usbd_cdc.o
    0x08001b30   0x08001b30   0x00000036   Code   RO         2895    i.USBD_CDC_TransmitPacket  usbd_cdc.o
    0x08001b66   0x08001b66   0x0000000e   Code   RO         2618    i.USBD_ClrClassConfig  usbd_core.o
    0x08001b74   0x08001b74   0x00000010   Code   RO         2821    i.USBD_CtlContinueRx  usbd_ioreq.o
    0x08001b84   0x08001b84   0x00000010   Code   RO         2822    i.USBD_CtlContinueSendData  usbd_ioreq.o
    0x08001b94   0x08001b94   0x00000016   Code   RO         2756    i.USBD_CtlError     usbd_ctlreq.o
    0x08001baa   0x08001baa   0x0000001e   Code   RO         2823    i.USBD_CtlPrepareRx  usbd_ioreq.o
    0x08001bc8   0x08001bc8   0x00000016   Code   RO         2824    i.USBD_CtlReceiveStatus  usbd_ioreq.o
    0x08001bde   0x08001bde   0x0000001a   Code   RO         2825    i.USBD_CtlSendData  usbd_ioreq.o
    0x08001bf8   0x08001bf8   0x00000016   Code   RO         2826    i.USBD_CtlSendStatus  usbd_ioreq.o
    0x08001c0e   0x08001c0e   0x00000002   PAD
    0x08001c10   0x08001c10   0x00000020   Code   RO          526    i.USBD_FS_ConfigStrDescriptor  usbd_desc.o
    0x08001c30   0x08001c30   0x0000000c   Code   RO          527    i.USBD_FS_DeviceDescriptor  usbd_desc.o
    0x08001c3c   0x08001c3c   0x00000024   Code   RO          528    i.USBD_FS_InterfaceStrDescriptor  usbd_desc.o
    0x08001c60   0x08001c60   0x0000000c   Code   RO          529    i.USBD_FS_LangIDStrDescriptor  usbd_desc.o
    0x08001c6c   0x08001c6c   0x00000028   Code   RO          530    i.USBD_FS_ManufacturerStrDescriptor  usbd_desc.o
    0x08001c94   0x08001c94   0x0000002c   Code   RO          531    i.USBD_FS_ProductStrDescriptor  usbd_desc.o
    0x08001cc0   0x08001cc0   0x00000038   Code   RO          532    i.USBD_FS_SerialStrDescriptor  usbd_desc.o
    0x08001cf8   0x08001cf8   0x000000e8   Code   RO         2757    i.USBD_GetDescriptor  usbd_ctlreq.o
    0x08001de0   0x08001de0   0x00000048   Code   RO         2758    i.USBD_GetString    usbd_ctlreq.o
    0x08001e28   0x08001e28   0x00000018   Code   RO          239    i.USBD_Get_USB_Status  usbd_conf.o
    0x08001e40   0x08001e40   0x0000002a   Code   RO         2620    i.USBD_Init         usbd_core.o
    0x08001e6a   0x08001e6a   0x00000012   Code   RO          240    i.USBD_LL_ClearStallEP  usbd_conf.o
    0x08001e7c   0x08001e7c   0x00000012   Code   RO          241    i.USBD_LL_CloseEP   usbd_conf.o
    0x08001e8e   0x08001e8e   0x000000c6   Code   RO         2621    i.USBD_LL_DataInStage  usbd_core.o
    0x08001f54   0x08001f54   0x00000082   Code   RO         2622    i.USBD_LL_DataOutStage  usbd_core.o
    0x08001fd6   0x08001fd6   0x00000004   Code   RO         2623    i.USBD_LL_DevConnected  usbd_core.o
    0x08001fda   0x08001fda   0x00000016   Code   RO         2624    i.USBD_LL_DevDisconnected  usbd_core.o
    0x08001ff0   0x08001ff0   0x00000008   Code   RO          245    i.USBD_LL_GetRxDataSize  usbd_conf.o
    0x08001ff8   0x08001ff8   0x00000060   Code   RO          246    i.USBD_LL_Init      usbd_conf.o
    0x08002058   0x08002058   0x00000020   Code   RO          247    i.USBD_LL_IsStallEP  usbd_conf.o
    0x08002078   0x08002078   0x00000004   Code   RO         2625    i.USBD_LL_IsoINIncomplete  usbd_core.o
    0x0800207c   0x0800207c   0x00000004   Code   RO         2626    i.USBD_LL_IsoOUTIncomplete  usbd_core.o
    0x08002080   0x08002080   0x00000018   Code   RO          248    i.USBD_LL_OpenEP    usbd_conf.o
    0x08002098   0x08002098   0x00000012   Code   RO          249    i.USBD_LL_PrepareReceive  usbd_conf.o
    0x080020aa   0x080020aa   0x00000050   Code   RO         2627    i.USBD_LL_Reset     usbd_core.o
    0x080020fa   0x080020fa   0x0000000c   Code   RO         2628    i.USBD_LL_Resume    usbd_core.o
    0x08002106   0x08002106   0x00000018   Code   RO         2629    i.USBD_LL_SOF       usbd_core.o
    0x0800211e   0x0800211e   0x00000006   Code   RO         2630    i.USBD_LL_SetSpeed  usbd_core.o
    0x08002124   0x08002124   0x00000012   Code   RO          250    i.USBD_LL_SetUSBAddress  usbd_conf.o
    0x08002136   0x08002136   0x0000005a   Code   RO         2631    i.USBD_LL_SetupStage  usbd_core.o
    0x08002190   0x08002190   0x00000012   Code   RO          251    i.USBD_LL_StallEP   usbd_conf.o
    0x080021a2   0x080021a2   0x00000012   Code   RO          252    i.USBD_LL_Start     usbd_conf.o
    0x080021b4   0x080021b4   0x00000012   Code   RO         2632    i.USBD_LL_Suspend   usbd_core.o
    0x080021c6   0x080021c6   0x00000012   Code   RO          254    i.USBD_LL_Transmit  usbd_conf.o
    0x080021d8   0x080021d8   0x00000028   Code   RO         2759    i.USBD_ParseSetupRequest  usbd_ctlreq.o
    0x08002200   0x08002200   0x00000010   Code   RO         2633    i.USBD_RegisterClass  usbd_core.o
    0x08002210   0x08002210   0x00000016   Code   RO         2635    i.USBD_SetClassConfig  usbd_core.o
    0x08002226   0x08002226   0x00000002   PAD
    0x08002228   0x08002228   0x00000084   Code   RO         2760    i.USBD_SetConfig    usbd_ctlreq.o
    0x080022ac   0x080022ac   0x0000000a   Code   RO         2636    i.USBD_Start        usbd_core.o
    0x080022b6   0x080022b6   0x00000112   Code   RO         2761    i.USBD_StdDevReq    usbd_ctlreq.o
    0x080023c8   0x080023c8   0x00000150   Code   RO         2762    i.USBD_StdEPReq     usbd_ctlreq.o
    0x08002518   0x08002518   0x0000004e   Code   RO         2763    i.USBD_StdItfReq    usbd_ctlreq.o
    0x08002566   0x08002566   0x00000002   PAD
    0x08002568   0x08002568   0x00000080   Code   RO         1038    i.USB_ActivateEndpoint  stm32f4xx_ll_usb.o
    0x080025e8   0x080025e8   0x00000034   Code   RO         1040    i.USB_ActivateSetup  stm32f4xx_ll_usb.o
    0x0800261c   0x0800261c   0x00000074   Code   RO         1042    i.USB_CoreInit      stm32f4xx_ll_usb.o
    0x08002690   0x08002690   0x00000038   Code   RO         1043    i.USB_CoreReset     stm32f4xx_ll_usb.o
    0x080026c8   0x080026c8   0x00000080   Code   RO         1046    i.USB_DeactivateEndpoint  stm32f4xx_ll_usb.o
    0x08002748   0x08002748   0x00000018   Code   RO         1047    i.USB_DevConnect    stm32f4xx_ll_usb.o
    0x08002760   0x08002760   0x00000018   Code   RO         1048    i.USB_DevDisconnect  stm32f4xx_ll_usb.o
    0x08002778   0x08002778   0x0000018c   Code   RO         1049    i.USB_DevInit       stm32f4xx_ll_usb.o
    0x08002904   0x08002904   0x0000000c   Code   RO         1050    i.USB_DisableGlobalInt  stm32f4xx_ll_usb.o
    0x08002910   0x08002910   0x00000118   Code   RO         1053    i.USB_EP0StartXfer  stm32f4xx_ll_usb.o
    0x08002a28   0x08002a28   0x00000058   Code   RO         1054    i.USB_EP0_OutStart  stm32f4xx_ll_usb.o
    0x08002a80   0x08002a80   0x00000058   Code   RO         1055    i.USB_EPClearStall  stm32f4xx_ll_usb.o
    0x08002ad8   0x08002ad8   0x00000058   Code   RO         1056    i.USB_EPSetStall    stm32f4xx_ll_usb.o
    0x08002b30   0x08002b30   0x000001e8   Code   RO         1057    i.USB_EPStartXfer   stm32f4xx_ll_usb.o
    0x08002d18   0x08002d18   0x0000000c   Code   RO         1058    i.USB_EnableGlobalInt  stm32f4xx_ll_usb.o
    0x08002d24   0x08002d24   0x00000020   Code   RO         1059    i.USB_FlushRxFifo   stm32f4xx_ll_usb.o
    0x08002d44   0x08002d44   0x00000024   Code   RO         1060    i.USB_FlushTxFifo   stm32f4xx_ll_usb.o
    0x08002d68   0x08002d68   0x0000001a   Code   RO         1062    i.USB_GetDevSpeed   stm32f4xx_ll_usb.o
    0x08002d82   0x08002d82   0x00000008   Code   RO         1064    i.USB_GetMode       stm32f4xx_ll_usb.o
    0x08002d8a   0x08002d8a   0x0000000e   Code   RO         1071    i.USB_ReadDevAllInEpInterrupt  stm32f4xx_ll_usb.o
    0x08002d98   0x08002d98   0x0000000e   Code   RO         1072    i.USB_ReadDevAllOutEpInterrupt  stm32f4xx_ll_usb.o
    0x08002da6   0x08002da6   0x00000024   Code   RO         1073    i.USB_ReadDevInEPInterrupt  stm32f4xx_ll_usb.o
    0x08002dca   0x08002dca   0x00000010   Code   RO         1074    i.USB_ReadDevOutEPInterrupt  stm32f4xx_ll_usb.o
    0x08002dda   0x08002dda   0x00000008   Code   RO         1075    i.USB_ReadInterrupts  stm32f4xx_ll_usb.o
    0x08002de2   0x08002de2   0x0000001c   Code   RO         1076    i.USB_ReadPacket    stm32f4xx_ll_usb.o
    0x08002dfe   0x08002dfe   0x0000002e   Code   RO         1078    i.USB_SetCurrentMode  stm32f4xx_ll_usb.o
    0x08002e2c   0x08002e2c   0x00000022   Code   RO         1079    i.USB_SetDevAddress  stm32f4xx_ll_usb.o
    0x08002e4e   0x08002e4e   0x00000002   PAD
    0x08002e50   0x08002e50   0x000000e8   Code   RO         1081    i.USB_SetTurnaroundTime  stm32f4xx_ll_usb.o
    0x08002f38   0x08002f38   0x00000024   Code   RO         1084    i.USB_WritePacket   stm32f4xx_ll_usb.o
    0x08002f5c   0x08002f5c   0x00000002   Code   RO          678    i.UsageFault_Handler  stm32f4xx_it.o
    0x08002f5e   0x08002f5e   0x00000020   Code   RO         2208    i.__NVIC_SetPriority  stm32f4xx_hal_cortex.o
    0x08002f7e   0x08002f7e   0x0000000e   Code   RO         3049    i.__scatterload_copy  mc_w.l(handlers.o)
    0x08002f8c   0x08002f8c   0x00000002   Code   RO         3050    i.__scatterload_null  mc_w.l(handlers.o)
    0x08002f8e   0x08002f8e   0x0000000e   Code   RO         3051    i.__scatterload_zeroinit  mc_w.l(handlers.o)
    0x08002f9c   0x08002f9c   0x00000050   Code   RO         2997    i.free              mc_w.l(malloc.o)
    0x08002fec   0x08002fec   0x00000038   Code   RO           17    i.main              main.o
    0x08003024   0x08003024   0x0000006c   Code   RO         2998    i.malloc            mc_w.l(malloc.o)
    0x08003090   0x08003090   0x00000010   Data   RO         2582    .constdata          system_stm32f4xx.o
    0x080030a0   0x080030a0   0x00000020   Data   RO         3047    Region$$Table       anon$$obj.o


    Execution Region RW_IRAM1 (Exec base: 0x20000000, Load base: 0x080030c0, Size: 0x00007a98, Max: 0x00020000, ABSOLUTE, COMPRESSED[0x000000e8])

    Exec Addr    Load Addr    Size         Type   Attr      Idx    E Section Name        Object

    0x20000000   COMPRESSED   0x00000064   Data   RW           18    .data               main.o
    0x20000064   COMPRESSED   0x0000001c   Data   RW          534    .data               usbd_desc.o
    0x20000080   COMPRESSED   0x00000032   Data   RW          535    .data               usbd_desc.o
    0x200000b2   COMPRESSED   0x00000002   PAD
    0x200000b4   COMPRESSED   0x00000010   Data   RW          618    .data               usbd_cdc_if.o
    0x200000c4   COMPRESSED   0x0000000c   Data   RW         2352    .data               stm32f4xx_hal.o
    0x200000d0   COMPRESSED   0x00000004   Data   RW         2584    .data               system_stm32f4xx.o
    0x200000d4   COMPRESSED   0x00000001   Data   RW         2764    .data               usbd_ctlreq.o
    0x200000d5   COMPRESSED   0x00000003   PAD
    0x200000d8   COMPRESSED   0x000000d7   Data   RW         2896    .data               usbd_cdc.o
    0x200001af   COMPRESSED   0x00000001   PAD
    0x200001b0   COMPRESSED   0x00000038   Data   RW         2897    .data               usbd_cdc.o
    0x200001e8   COMPRESSED   0x00000004   Data   RW         3043    .data               mc_w.l(mvars.o)
    0x200001ec   COMPRESSED   0x00000004   Data   RW         3044    .data               mc_w.l(mvars.o)
    0x200001f0        -       0x0000029c   Zero   RW          196    .bss                usb_device.o
    0x2000048c        -       0x00000408   Zero   RW          255    .bss                usbd_conf.o
    0x20000894        -       0x00000200   Zero   RW          533    .bss                usbd_desc.o
    0x20000a94        -       0x00001000   Zero   RW          617    .bss                usbd_cdc_if.o
    0x20001a94   COMPRESSED   0x00000004   PAD
    0x20001a98        -       0x00002000   Zero   RW            2    HEAP                startup_stm32f411xe.o
    0x20003a98        -       0x00004000   Zero   RW            1    STACK               startup_stm32f411xe.o


==============================================================================

Image component sizes


      Code (inc. data)   RO Data    RW Data    ZI Data      Debug   Object Name

       326         30          0        100          0      61778   main.o
        36          8        408          0      24576        888   startup_stm32f411xe.o
       180         28          0         12          0       4945   stm32f4xx_hal.o
       198         14          0          0          0      34267   stm32f4xx_hal_cortex.o
       416         34          0          0          0       3229   stm32f4xx_hal_gpio.o
        52          4          0          0          0        942   stm32f4xx_hal_msp.o
      2372         18          0          0          0      13637   stm32f4xx_hal_pcd.o
        78          0          0          0          0       2617   stm32f4xx_hal_pcd_ex.o
      1208         58          0          0          0       4702   stm32f4xx_hal_rcc.o
        32          6          0          0          0       5074   stm32f4xx_it.o
      2546        140          0          0          0      24347   stm32f4xx_ll_usb.o
        84         18         16          4          0       1315   system_stm32f4xx.o
        84         18          0          0        668        848   usb_device.o
       730         16          0        271          0      14454   usbd_cdc.o
       124         22          0         16       4096       3596   usbd_cdc_if.o
       628         20          0          0       1032     391300   usbd_conf.o
       696          0          0          0          0      13261   usbd_core.o
      1186         28          0          1          0       8596   usbd_ctlreq.o
       288        104          0         78        512       6445   usbd_desc.o
       132          0          0          0          0       4876   usbd_ioreq.o

    ----------------------------------------------------------------------
     11416        566        456        488      30888     601117   Object Totals
         0          0         32          0          0          0   (incl. Generated)
        20          0          0          6          4          0   (incl. Padding)

    ----------------------------------------------------------------------

      Code (inc. data)   RO Data    RW Data    ZI Data      Debug   Library Member Name

        86          0          0          0          0          0   __dczerorl2.o
         0          0          0          0          0          0   entry.o
         0          0          0          0          0          0   entry10a.o
         0          0          0          0          0          0   entry11a.o
         8          4          0          0          0          0   entry2.o
         4          0          0          0          0          0   entry5.o
         0          0          0          0          0          0   entry7b.o
         0          0          0          0          0          0   entry8b.o
         8          4          0          0          0          0   entry9a.o
        30          0          0          0          0          0   handlers.o
        36          8          0          0          0         68   init.o
        30          0          0          0          0         68   llshl.o
        32          0          0          0          0         68   llushr.o
       188         20          0          0          0        160   malloc.o
        36          0          0          0          0         68   memcpya.o
        36          0          0          0          0        108   memseta.o
         0          0          0          8          0          0   mvars.o
        14          0          0          0          0         68   strlen.o
        98          0          0          0          0         92   uldiv.o

    ----------------------------------------------------------------------
       608         36          0          8          0        700   Library Totals
         2          0          0          0          0          0   (incl. Padding)

    ----------------------------------------------------------------------

      Code (inc. data)   RO Data    RW Data    ZI Data      Debug   Library Name

       606         36          0          8          0        700   mc_w.l

    ----------------------------------------------------------------------
       608         36          0          8          0        700   Library Totals

    ----------------------------------------------------------------------

==============================================================================


      Code (inc. data)   RO Data    RW Data    ZI Data      Debug   

     12024        602        456        496      30888     586241   Grand Totals
     12024        602        456        232      30888     586241   ELF Image Totals (compressed)
     12024        602        456        232          0          0   ROM Totals

==============================================================================

    Total RO  Size (Code + RO Data)                12480 (  12.19kB)
    Total RW  Size (RW Data + ZI Data)             31384 (  30.65kB)
    Total ROM Size (Code + RO Data + RW Data)      12712 (  12.41kB)

==============================================================================

